Split: 12 train, 8 test (holdout=0.4)

============================================================
Iteration 1/5
Description: Use ao implementar, refatorar, revisar ou depurar o fluxo de LOGIN full-stack do ecossistema engeapp (Laravel 13 sem Inertia, com Ziggy + Vue Router + MaxPinia + MaxComponentsUi). Cobre backend (AuthenticatedSessionController, LoginRequest com e-mail OU telefone, sessão em banco, Sanctum CSRF para SPA, rotas nomeadas para o Ziggy) e frontend (componente MaxAuthCard, store de sessão MaxPinia useUser, login via apiPostRoute do MaxUse, guard de rotas no Vue Router, redirecionamento de login social). Inclua login por redes sociais com Laravel Socialite (Google/Facebook). Acione SEMPRE que a tarefa mencionar tela de login, MaxAuthCard, "entrar"/autenticar, login social, guard de autenticação, sessão de usuário ou recuperar o usuário atual neste stack — mesmo que não citem "Laravel" explicitamente.
============================================================
Train: 17/36 correct, precision=33% recall=6% accuracy=47% (59.0s)
  [FAIL] rate=0/3 expected=True: onde eu defino as rotas nomeadas de auth pro ziggy resolver 
  [FAIL] rate=0/3 expected=True: recuperar o usuário logado no frontend por uma store maxpini
  [FAIL] rate=1/3 expected=True: preciso do logout que encerra a sessão no laravel e redireci
  [FAIL] rate=0/3 expected=True: quero adicionar o MaxAuthCard na página de login e ligar os 
  [FAIL] rate=0/3 expected=True: como faço o guard do vue router parar de jogar o usuário pro
  [PASS] rate=0/3 expected=False: cria o formulário multi-etapas de CADASTRO de nova empresa s
  [FAIL] rate=0/3 expected=True: preciso montar a tela de entrar no maxdmin com aquele card d
  [PASS] rate=0/3 expected=False: configura o ziggy no vite pra gerar o arquivo de rotas nomea
  [PASS] rate=0/3 expected=False: cria uma store maxpinia pra listar e auto-salvar os projetos
  [PASS] rate=0/3 expected=False: implementa o login social com Ally no AdonisJS do Maxdmin (n
  [FAIL] rate=2/3 expected=False: como faço o fluxo de reset de senha por e-mail (esqueci minh
  [PASS] rate=0/3 expected=False: o impersonate de usuário (entrar como outro usuário) tá dand
Test : 13/24 correct, precision=100% recall=8% accuracy=54% (0.0s)
  [FAIL] rate=0/3 expected=True: o apiPostRoute('login') tá retornando null e não cria a sess
  [FAIL] rate=0/3 expected=True: o login social com facebook tá dando InvalidStateException n
  [FAIL] rate=0/3 expected=True: implementa o callback do socialite pro google no nosso larav
  [FAIL] rate=1/3 expected=True: monta o fluxo de entrar por e-mail/telefone com lembrar-me e
  [PASS] rate=0/3 expected=False: gera os detalhes do driver do socialite pro Microsoft Azure 
  [PASS] rate=0/3 expected=False: preciso de uma policy de autorização pra checar se o usuário
  [PASS] rate=0/3 expected=False: configura o Sanctum para autenticação de API por TOKEN pra u
  [PASS] rate=0/3 expected=False: adiciona autenticação de dois fatores (2FA) por app autentic

Improving description...
Proposed (27.2s): Use para qualquer tarefa de AUTENTICAÇÃO/LOGIN no stack engeapp/Maxdmin web: Laravel 13 (sem Inertia) + Vue Router + Ziggy + MaxPinia + MaxComponentsUi. Inclui: montar/ligar a tela de login com o card MaxAuthCard (e-mail OU telefone + senha), evento submit e botão "entrar"; login social OAuth (Google/Facebook via Socialite) e seu redirect no front; logout que encerra a sessão e limpa o estado do usuário; rotas nomeadas de auth pro Ziggy resolver (route('login'), redirect do OAuth); recuperar/reidratar o usuário atual (user.data) numa store MaxPinia useUser; e o guard do Vue Router que protege rotas e não deve jogar pro /login no F5 antes do user carregar. Acione mesmo sem citar "Laravel", ao aparecer MaxAuthCard, "entrar"/autenticar, login social, guard de autenticação, sessão, logout ou usuário logado NESTE stack (Ziggy + MaxPinia). NÃO acione para reset/recuperação de senha ("esqueci minha senha", token por e-mail), cadastro/registro de conta, nem pro stack AdonisJS (rotas em string, sem Ziggy/Sanctum).

============================================================
Iteration 2/5
Description: Use para qualquer tarefa de AUTENTICAÇÃO/LOGIN no stack engeapp/Maxdmin web: Laravel 13 (sem Inertia) + Vue Router + Ziggy + MaxPinia + MaxComponentsUi. Inclui: montar/ligar a tela de login com o card MaxAuthCard (e-mail OU telefone + senha), evento submit e botão "entrar"; login social OAuth (Google/Facebook via Socialite) e seu redirect no front; logout que encerra a sessão e limpa o estado do usuário; rotas nomeadas de auth pro Ziggy resolver (route('login'), redirect do OAuth); recuperar/reidratar o usuário atual (user.data) numa store MaxPinia useUser; e o guard do Vue Router que protege rotas e não deve jogar pro /login no F5 antes do user carregar. Acione mesmo sem citar "Laravel", ao aparecer MaxAuthCard, "entrar"/autenticar, login social, guard de autenticação, sessão, logout ou usuário logado NESTE stack (Ziggy + MaxPinia). NÃO acione para reset/recuperação de senha ("esqueci minha senha", token por e-mail), cadastro/registro de conta, nem pro stack AdonisJS (rotas em string, sem Ziggy/Sanctum).
============================================================
Train: 20/36 correct, precision=100% recall=11% accuracy=56% (69.9s)
  [FAIL] rate=1/3 expected=True: onde eu defino as rotas nomeadas de auth pro ziggy resolver 
  [FAIL] rate=0/3 expected=True: preciso do logout que encerra a sessão no laravel e redireci
  [FAIL] rate=0/3 expected=True: recuperar o usuário logado no frontend por uma store maxpini
  [FAIL] rate=0/3 expected=True: quero adicionar o MaxAuthCard na página de login e ligar os 
  [FAIL] rate=1/3 expected=True: preciso montar a tela de entrar no maxdmin com aquele card d
  [FAIL] rate=0/3 expected=True: como faço o guard do vue router parar de jogar o usuário pro
  [PASS] rate=0/3 expected=False: cria o formulário multi-etapas de CADASTRO de nova empresa s
  [PASS] rate=0/3 expected=False: configura o ziggy no vite pra gerar o arquivo de rotas nomea
  [PASS] rate=0/3 expected=False: cria uma store maxpinia pra listar e auto-salvar os projetos
  [PASS] rate=0/3 expected=False: implementa o login social com Ally no AdonisJS do Maxdmin (n
  [PASS] rate=0/3 expected=False: o impersonate de usuário (entrar como outro usuário) tá dand
  [PASS] rate=0/3 expected=False: como faço o fluxo de reset de senha por e-mail (esqueci minh
Test : 14/24 correct, precision=100% recall=17% accuracy=58% (0.0s)
  [FAIL] rate=1/3 expected=True: o apiPostRoute('login') tá retornando null e não cria a sess
  [FAIL] rate=0/3 expected=True: o login social com facebook tá dando InvalidStateException n
  [FAIL] rate=1/3 expected=True: implementa o callback do socialite pro google no nosso larav
  [FAIL] rate=0/3 expected=True: monta o fluxo de entrar por e-mail/telefone com lembrar-me e
  [PASS] rate=0/3 expected=False: preciso de uma policy de autorização pra checar se o usuário
  [PASS] rate=0/3 expected=False: adiciona autenticação de dois fatores (2FA) por app autentic
  [PASS] rate=0/3 expected=False: gera os detalhes do driver do socialite pro Microsoft Azure 
  [PASS] rate=0/3 expected=False: configura o Sanctum para autenticação de API por TOKEN pra u

Improving description...
Proposed (29.0s): Use ao construir, corrigir ou revisar qualquer parte do LOGIN e da SESSÃO de usuário no stack web engeapp/Maxdmin: Laravel 13 (sem Inertia) com Vue Router + Ziggy + MaxPinia + MaxComponentsUi.

Acione para: montar/ligar a tela de "entrar" com o card MaxAuthCard (e-mail ou telefone + senha), fiar submit e social no store; login social OAuth (Google/Facebook, Socialite) e redirect no front; logout que encerra a sessão e limpa o estado do usuário; nomear rotas de auth pro Ziggy resolver (route('login'), redirect do OAuth); recuperar/reidratar o usuário atual (user.data) numa store MaxPinia useUser; guard do Vue Router que protege rotas e não pode chutar pro /login no F5 antes do user carregar.

Vale mesmo sem citar "Laravel" — basta MaxAuthCard, "entrar"/autenticar, login social, guard de auth, sessão, logout ou usuário logado NESTE stack (Ziggy + MaxPinia).

NÃO acione para: reset/esqueci-a-senha (token por e-mail), cadastro/registro de conta, ou stack AdonisJS (rotas em string, sem Ziggy/Sanctum).

============================================================
Iteration 3/5
Description: Use ao construir, corrigir ou revisar qualquer parte do LOGIN e da SESSÃO de usuário no stack web engeapp/Maxdmin: Laravel 13 (sem Inertia) com Vue Router + Ziggy + MaxPinia + MaxComponentsUi.

Acione para: montar/ligar a tela de "entrar" com o card MaxAuthCard (e-mail ou telefone + senha), fiar submit e social no store; login social OAuth (Google/Facebook, Socialite) e redirect no front; logout que encerra a sessão e limpa o estado do usuário; nomear rotas de auth pro Ziggy resolver (route('login'), redirect do OAuth); recuperar/reidratar o usuário atual (user.data) numa store MaxPinia useUser; guard do Vue Router que protege rotas e não pode chutar pro /login no F5 antes do user carregar.

Vale mesmo sem citar "Laravel" — basta MaxAuthCard, "entrar"/autenticar, login social, guard de auth, sessão, logout ou usuário logado NESTE stack (Ziggy + MaxPinia).

NÃO acione para: reset/esqueci-a-senha (token por e-mail), cadastro/registro de conta, ou stack AdonisJS (rotas em string, sem Ziggy/Sanctum).
============================================================
Train: 20/36 correct, precision=100% recall=11% accuracy=56% (62.4s)
  [FAIL] rate=0/3 expected=True: onde eu defino as rotas nomeadas de auth pro ziggy resolver 
  [FAIL] rate=0/3 expected=True: preciso do logout que encerra a sessão no laravel e redireci
  [FAIL] rate=0/3 expected=True: recuperar o usuário logado no frontend por uma store maxpini
  [FAIL] rate=1/3 expected=True: quero adicionar o MaxAuthCard na página de login e ligar os 
  [FAIL] rate=1/3 expected=True: como faço o guard do vue router parar de jogar o usuário pro
  [FAIL] rate=0/3 expected=True: preciso montar a tela de entrar no maxdmin com aquele card d
  [PASS] rate=0/3 expected=False: cria o formulário multi-etapas de CADASTRO de nova empresa s
  [PASS] rate=0/3 expected=False: implementa o login social com Ally no AdonisJS do Maxdmin (n
  [PASS] rate=0/3 expected=False: cria uma store maxpinia pra listar e auto-salvar os projetos
  [PASS] rate=0/3 expected=False: configura o ziggy no vite pra gerar o arquivo de rotas nomea
  [PASS] rate=0/3 expected=False: o impersonate de usuário (entrar como outro usuário) tá dand
  [PASS] rate=0/3 expected=False: como faço o fluxo de reset de senha por e-mail (esqueci minh
Test : 13/24 correct, precision=100% recall=8% accuracy=54% (0.0s)
  [FAIL] rate=0/3 expected=True: o apiPostRoute('login') tá retornando null e não cria a sess
  [FAIL] rate=0/3 expected=True: o login social com facebook tá dando InvalidStateException n
  [FAIL] rate=0/3 expected=True: implementa o callback do socialite pro google no nosso larav
  [FAIL] rate=1/3 expected=True: monta o fluxo de entrar por e-mail/telefone com lembrar-me e
  [PASS] rate=0/3 expected=False: gera os detalhes do driver do socialite pro Microsoft Azure 
  [PASS] rate=0/3 expected=False: configura o Sanctum para autenticação de API por TOKEN pra u
  [PASS] rate=0/3 expected=False: adiciona autenticação de dois fatores (2FA) por app autentic
  [PASS] rate=0/3 expected=False: preciso de uma policy de autorização pra checar se o usuário

Improving description...
Proposed (24.1s): Use para qualquer tarefa de LOGIN, AUTENTICAÇÃO ou SESSÃO de usuário no stack web engeapp/Maxdmin: Laravel 13 (sem Inertia) + Vue Router + Ziggy + MaxPinia + MaxComponentsUi.

Acione quando o pedido envolver: fazer a tela de "entrar" funcionar com o card MaxAuthCard (e-mail ou telefone + senha, submit, botão social); login social OAuth Google/Facebook (Socialite) e seu redirect no front; logout que encerra a sessão e limpa o estado; recuperar/reidratar o usuário logado (user.data) numa store MaxPinia; proteger rotas com guard do Vue Router (inclusive não jogar pro /login no F5); ou definir as rotas nomeadas de auth pro Ziggy.

Mesmo sem citar "Laravel", basta o tema ser entrar/autenticar/sessão/logout/usuário logado NESTE stack.

NÃO acione para: reset/esqueci-a-senha, cadastro/registro de conta, ou stack AdonisJS (sem Ziggy/Sanctum).

============================================================
Iteration 4/5
Description: Use para qualquer tarefa de LOGIN, AUTENTICAÇÃO ou SESSÃO de usuário no stack web engeapp/Maxdmin: Laravel 13 (sem Inertia) + Vue Router + Ziggy + MaxPinia + MaxComponentsUi.

Acione quando o pedido envolver: fazer a tela de "entrar" funcionar com o card MaxAuthCard (e-mail ou telefone + senha, submit, botão social); login social OAuth Google/Facebook (Socialite) e seu redirect no front; logout que encerra a sessão e limpa o estado; recuperar/reidratar o usuário logado (user.data) numa store MaxPinia; proteger rotas com guard do Vue Router (inclusive não jogar pro /login no F5); ou definir as rotas nomeadas de auth pro Ziggy.

Mesmo sem citar "Laravel", basta o tema ser entrar/autenticar/sessão/logout/usuário logado NESTE stack.

NÃO acione para: reset/esqueci-a-senha, cadastro/registro de conta, ou stack AdonisJS (sem Ziggy/Sanctum).
============================================================
Train: 19/36 correct, precision=100% recall=6% accuracy=53% (69.3s)
  [FAIL] rate=1/3 expected=True: preciso do logout que encerra a sessão no laravel e redireci
  [FAIL] rate=0/3 expected=True: onde eu defino as rotas nomeadas de auth pro ziggy resolver 
  [FAIL] rate=0/3 expected=True: recuperar o usuário logado no frontend por uma store maxpini
  [FAIL] rate=0/3 expected=True: quero adicionar o MaxAuthCard na página de login e ligar os 
  [FAIL] rate=0/3 expected=True: preciso montar a tela de entrar no maxdmin com aquele card d
  [FAIL] rate=0/3 expected=True: como faço o guard do vue router parar de jogar o usuário pro
  [PASS] rate=0/3 expected=False: cria o formulário multi-etapas de CADASTRO de nova empresa s
  [PASS] rate=0/3 expected=False: configura o ziggy no vite pra gerar o arquivo de rotas nomea
  [PASS] rate=0/3 expected=False: cria uma store maxpinia pra listar e auto-salvar os projetos
  [PASS] rate=0/3 expected=False: implementa o login social com Ally no AdonisJS do Maxdmin (n
  [PASS] rate=0/3 expected=False: o impersonate de usuário (entrar como outro usuário) tá dand
  [PASS] rate=0/3 expected=False: como faço o fluxo de reset de senha por e-mail (esqueci minh
Test : 13/24 correct, precision=100% recall=8% accuracy=54% (0.0s)
  [FAIL] rate=0/3 expected=True: o apiPostRoute('login') tá retornando null e não cria a sess
  [FAIL] rate=0/3 expected=True: o login social com facebook tá dando InvalidStateException n
  [FAIL] rate=1/3 expected=True: implementa o callback do socialite pro google no nosso larav
  [FAIL] rate=0/3 expected=True: monta o fluxo de entrar por e-mail/telefone com lembrar-me e
  [PASS] rate=0/3 expected=False: gera os detalhes do driver do socialite pro Microsoft Azure 
  [PASS] rate=0/3 expected=False: preciso de uma policy de autorização pra checar se o usuário
  [PASS] rate=0/3 expected=False: configura o Sanctum para autenticação de API por TOKEN pra u
  [PASS] rate=0/3 expected=False: adiciona autenticação de dois fatores (2FA) por app autentic

Improving description...
Proposed (15.2s): Use SEMPRE que a tarefa for sobre entrar/logar, autenticar, sessão de usuário, logout ou recuperar o usuário logado no app web engeapp/Maxdmin — Laravel 13 (sem Inertia) com Vue Router, Ziggy, MaxPinia e MaxComponentsUi.

Acione para qualquer um destes, mesmo que não citem "Laravel":
• tela/página de login com o card MaxAuthCard (e-mail ou telefone + senha, submit, botão social);
• login social OAuth Google/Facebook (Socialite) e o redirect no front;
• logout que encerra a sessão e limpa o estado do usuário;
• rotas nomeadas de auth pro Ziggy resolver (route('login'), redirect do OAuth);
• pegar/reidratar o usuário atual (user.data) numa store MaxPinia;
• guard do Vue Router que protege rotas ou joga pro /login (inclusive o F5 antes do user carregar).

Palavras-gatilho: MaxAuthCard, entrar, autenticar, login social, guard, sessão, logout, usuário logado.

NÃO acione para: reset/esqueci-a-senha, cadastro/registro de conta, nem stack AdonisJS (sem Ziggy/Sanctum).

============================================================
Iteration 5/5
Description: Use SEMPRE que a tarefa for sobre entrar/logar, autenticar, sessão de usuário, logout ou recuperar o usuário logado no app web engeapp/Maxdmin — Laravel 13 (sem Inertia) com Vue Router, Ziggy, MaxPinia e MaxComponentsUi.

Acione para qualquer um destes, mesmo que não citem "Laravel":
• tela/página de login com o card MaxAuthCard (e-mail ou telefone + senha, submit, botão social);
• login social OAuth Google/Facebook (Socialite) e o redirect no front;
• logout que encerra a sessão e limpa o estado do usuário;
• rotas nomeadas de auth pro Ziggy resolver (route('login'), redirect do OAuth);
• pegar/reidratar o usuário atual (user.data) numa store MaxPinia;
• guard do Vue Router que protege rotas ou joga pro /login (inclusive o F5 antes do user carregar).

Palavras-gatilho: MaxAuthCard, entrar, autenticar, login social, guard, sessão, logout, usuário logado.

NÃO acione para: reset/esqueci-a-senha, cadastro/registro de conta, nem stack AdonisJS (sem Ziggy/Sanctum).
============================================================
Train: 20/36 correct, precision=100% recall=11% accuracy=56% (56.3s)
  [FAIL] rate=0/3 expected=True: onde eu defino as rotas nomeadas de auth pro ziggy resolver 
  [FAIL] rate=0/3 expected=True: preciso do logout que encerra a sessão no laravel e redireci
  [FAIL] rate=1/3 expected=True: recuperar o usuário logado no frontend por uma store maxpini
  [FAIL] rate=0/3 expected=True: quero adicionar o MaxAuthCard na página de login e ligar os 
  [FAIL] rate=0/3 expected=True: como faço o guard do vue router parar de jogar o usuário pro
  [FAIL] rate=1/3 expected=True: preciso montar a tela de entrar no maxdmin com aquele card d
  [PASS] rate=0/3 expected=False: cria o formulário multi-etapas de CADASTRO de nova empresa s
  [PASS] rate=0/3 expected=False: configura o ziggy no vite pra gerar o arquivo de rotas nomea
  [PASS] rate=0/3 expected=False: cria uma store maxpinia pra listar e auto-salvar os projetos
  [PASS] rate=0/3 expected=False: implementa o login social com Ally no AdonisJS do Maxdmin (n
  [PASS] rate=0/3 expected=False: o impersonate de usuário (entrar como outro usuário) tá dand
  [PASS] rate=0/3 expected=False: como faço o fluxo de reset de senha por e-mail (esqueci minh
Test : 12/24 correct, precision=100% recall=0% accuracy=50% (0.0s)
  [FAIL] rate=0/3 expected=True: o apiPostRoute('login') tá retornando null e não cria a sess
  [FAIL] rate=0/3 expected=True: o login social com facebook tá dando InvalidStateException n
  [FAIL] rate=0/3 expected=True: implementa o callback do socialite pro google no nosso larav
  [FAIL] rate=0/3 expected=True: monta o fluxo de entrar por e-mail/telefone com lembrar-me e
  [PASS] rate=0/3 expected=False: preciso de uma policy de autorização pra checar se o usuário
  [PASS] rate=0/3 expected=False: gera os detalhes do driver do socialite pro Microsoft Azure 
  [PASS] rate=0/3 expected=False: adiciona autenticação de dois fatores (2FA) por app autentic
  [PASS] rate=0/3 expected=False: configura o Sanctum para autenticação de API por TOKEN pra u

Max iterations reached (5).

Exit reason: max_iterations (5)
Best score: 4/8 (iteration 1)

Report: /home/johnattas/GitHub/Skills/created-skills/laravel-vue-login-maxauthcard-best-practices-workspace/description-opt-report.html
Results saved to: /home/johnattas/GitHub/Skills/created-skills/laravel-vue-login-maxauthcard-best-practices-workspace/desc-opt-results/2026-07-01_143627
{
  "exit_reason": "max_iterations (5)",
  "original_description": "Use ao implementar, refatorar, revisar ou depurar o fluxo de LOGIN full-stack do ecossistema engeapp (Laravel 13 sem Inertia, com Ziggy + Vue Router + MaxPinia + MaxComponentsUi). Cobre backend (AuthenticatedSessionController, LoginRequest com e-mail OU telefone, sess\u00e3o em banco, Sanctum CSRF para SPA, rotas nomeadas para o Ziggy) e frontend (componente MaxAuthCard, store de sess\u00e3o MaxPinia useUser, login via apiPostRoute do MaxUse, guard de rotas no Vue Router, redirecionamento de login social). Inclua login por redes sociais com Laravel Socialite (Google/Facebook). Acione SEMPRE que a tarefa mencionar tela de login, MaxAuthCard, \"entrar\"/autenticar, login social, guard de autentica\u00e7\u00e3o, sess\u00e3o de usu\u00e1rio ou recuperar o usu\u00e1rio atual neste stack \u2014 mesmo que n\u00e3o citem \"Laravel\" explicitamente.",
  "best_description": "Use ao implementar, refatorar, revisar ou depurar o fluxo de LOGIN full-stack do ecossistema engeapp (Laravel 13 sem Inertia, com Ziggy + Vue Router + MaxPinia + MaxComponentsUi). Cobre backend (AuthenticatedSessionController, LoginRequest com e-mail OU telefone, sess\u00e3o em banco, Sanctum CSRF para SPA, rotas nomeadas para o Ziggy) e frontend (componente MaxAuthCard, store de sess\u00e3o MaxPinia useUser, login via apiPostRoute do MaxUse, guard de rotas no Vue Router, redirecionamento de login social). Inclua login por redes sociais com Laravel Socialite (Google/Facebook). Acione SEMPRE que a tarefa mencionar tela de login, MaxAuthCard, \"entrar\"/autenticar, login social, guard de autentica\u00e7\u00e3o, sess\u00e3o de usu\u00e1rio ou recuperar o usu\u00e1rio atual neste stack \u2014 mesmo que n\u00e3o citem \"Laravel\" explicitamente.",
  "best_score": "4/8",
  "best_train_score": "5/12",
  "best_test_score": "4/8",
  "final_description": "Use SEMPRE que a tarefa for sobre entrar/logar, autenticar, sess\u00e3o de usu\u00e1rio, logout ou recuperar o usu\u00e1rio logado no app web engeapp/Maxdmin \u2014 Laravel 13 (sem Inertia) com Vue Router, Ziggy, MaxPinia e MaxComponentsUi.\n\nAcione para qualquer um destes, mesmo que n\u00e3o citem \"Laravel\":\n\u2022 tela/p\u00e1gina de login com o card MaxAuthCard (e-mail ou telefone + senha, submit, bot\u00e3o social);\n\u2022 login social OAuth Google/Facebook (Socialite) e o redirect no front;\n\u2022 logout que encerra a sess\u00e3o e limpa o estado do usu\u00e1rio;\n\u2022 rotas nomeadas de auth pro Ziggy resolver (route('login'), redirect do OAuth);\n\u2022 pegar/reidratar o usu\u00e1rio atual (user.data) numa store MaxPinia;\n\u2022 guard do Vue Router que protege rotas ou joga pro /login (inclusive o F5 antes do user carregar).\n\nPalavras-gatilho: MaxAuthCard, entrar, autenticar, login social, guard, sess\u00e3o, logout, usu\u00e1rio logado.\n\nN\u00c3O acione para: reset/esqueci-a-senha, cadastro/registro de conta, nem stack AdonisJS (sem Ziggy/Sanctum).",
  "iterations_run": 5,
  "holdout": 0.4,
  "train_size": 12,
  "test_size": 8,
  "history": [
    {
      "iteration": 1,
      "description": "Use ao implementar, refatorar, revisar ou depurar o fluxo de LOGIN full-stack do ecossistema engeapp (Laravel 13 sem Inertia, com Ziggy + Vue Router + MaxPinia + MaxComponentsUi). Cobre backend (AuthenticatedSessionController, LoginRequest com e-mail OU telefone, sess\u00e3o em banco, Sanctum CSRF para SPA, rotas nomeadas para o Ziggy) e frontend (componente MaxAuthCard, store de sess\u00e3o MaxPinia useUser, login via apiPostRoute do MaxUse, guard de rotas no Vue Router, redirecionamento de login social). Inclua login por redes sociais com Laravel Socialite (Google/Facebook). Acione SEMPRE que a tarefa mencionar tela de login, MaxAuthCard, \"entrar\"/autenticar, login social, guard de autentica\u00e7\u00e3o, sess\u00e3o de usu\u00e1rio ou recuperar o usu\u00e1rio atual neste stack \u2014 mesmo que n\u00e3o citem \"Laravel\" explicitamente.",
      "train_passed": 5,
      "train_failed": 7,
      "train_total": 12,
      "train_results": [
        {
          "query": "onde eu defino as rotas nomeadas de auth pro ziggy resolver o route('login') e o redirect do oauth no front?",
          "should_trigger": true,
          "trigger_rate": 0.0,
          "triggers": 0,
          "runs": 3,
          "pass": false
        },
        {
          "query": "recuperar o usu\u00e1rio logado no frontend por uma store maxpinia (user.data) e proteger as rotas que exigem autentica\u00e7\u00e3o no engeapp",
          "should_trigger": true,
          "trigger_rate": 0.0,
          "triggers": 0,
          "runs": 3,
          "pass": false
        },
        {
          "query": "preciso do logout que encerra a sess\u00e3o no laravel e redireciona pra tela de login limpando o estado do usu\u00e1rio no front",
          "should_trigger": true,
          "trigger_rate": 0.3333333333333333,
          "triggers": 1,
          "runs": 3,
          "pass": false
        },
        {
          "query": "quero adicionar o MaxAuthCard na p\u00e1gina de login e ligar os eventos submit e social no store, sem inertia, com vue router",
          "should_trigger": true,
          "trigger_rate": 0.0,
          "triggers": 0,
          "runs": 3,
          "pass": false
        },
        {
          "query": "como fa\u00e7o o guard do vue router parar de jogar o usu\u00e1rio pro /login quando d\u00e1 F5? t\u00f4 usando maxpinia no engeapp (laravel 13) e o user.data ainda n\u00e3o carregou",
          "should_trigger": true,
          "trigger_rate": 0.0,
          "triggers": 0,
          "runs": 3,
          "pass": false
        },
        {
          "query": "cria o formul\u00e1rio multi-etapas de CADASTRO de nova empresa solar com CNPJ, endere\u00e7o e valida\u00e7\u00e3o no engeapp",
          "should_trigger": false,
          "trigger_rate": 0.0,
          "triggers": 0,
          "runs": 3,
          "pass": true
        },
        {
          "query": "preciso montar a tela de entrar no maxdmin com aquele card de login (MaxAuthCard), e-mail ou telefone + senha, e o bot\u00e3o de entrar com google. front \u00e9 vue com ziggy, backend laravel",
          "should_trigger": true,
          "trigger_rate": 0.0,
          "triggers": 0,
          "runs": 3,
          "pass": false
        },
        {
          "query": "configura o ziggy no vite pra gerar o arquivo de rotas nomeadas do app inteiro no build",
          "should_trigger": false,
          "trigger_rate": 0.0,
          "triggers": 0,
          "runs": 3,
          "pass": true
        },
        {
          "query": "cria uma store maxpinia pra listar e auto-salvar os projetos da dashboard, com cache",
          "should_trigger": false,
          "trigger_rate": 0.0,
          "triggers": 0,
          "runs": 3,
          "pass": true
        },
        {
          "query": "implementa o login social com Ally no AdonisJS do Maxdmin (node), google e facebook, autentica\u00e7\u00e3o por sess\u00e3o",
          "should_trigger": false,
          "trigger_rate": 0.0,
          "triggers": 0,
          "runs": 3,
          "pass": true
        },
        {
          "query": "como fa\u00e7o o fluxo de reset de senha por e-mail (esqueci minha senha) com token no laravel?",
          "should_trigger": false,
          "trigger_rate": 0.6666666666666666,
          "triggers": 2,
          "runs": 3,
          "pass": false
        },
        {
          "query": "o impersonate de usu\u00e1rio (entrar como outro usu\u00e1rio) t\u00e1 dando erro no laravel, como arrumo?",
          "should_trigger": false,
          "trigger_rate": 0.0,
          "triggers": 0,
          "runs": 3,
          "pass": true
        }
      ],
      "test_passed": 4,
      "test_failed": 4,
      "test_total": 8,
      "test_results": [
        {
          "query": "o apiPostRoute('login') t\u00e1 retornando null e n\u00e3o cria a sess\u00e3o, stack laravel 13 com sanctum csrf e cookie, o que pode ser?",
          "should_trigger": true,
          "trigger_rate": 0.0,
          "triggers": 0,
          "runs": 3,
          "pass": false
        },
        {
          "query": "o login social com facebook t\u00e1 dando InvalidStateException no callback, \u00e9 laravel socialite com sess\u00e3o, me ajuda a debugar",
          "should_trigger": true,
          "trigger_rate": 0.0,
          "triggers": 0,
          "runs": 3,
          "pass": false
        },
        {
          "query": "implementa o callback do socialite pro google no nosso laravel, criando o usu\u00e1rio no primeiro acesso e autenticando por sess\u00e3o",
          "should_trigger": true,
          "trigger_rate": 0.0,
          "triggers": 0,
          "runs": 3,
          "pass": false
        },
        {
          "query": "monta o fluxo de entrar por e-mail/telefone com lembrar-me e os bot\u00f5es google e facebook na tela de acesso do painel administrativo",
          "should_trigger": true,
          "trigger_rate": 0.3333333333333333,
          "triggers": 1,
          "runs": 3,
          "pass": false
        },
        {
          "query": "gera os detalhes do driver do socialite pro Microsoft Azure AD e o mock dele em teste Pest",
          "should_trigger": false,
          "trigger_rate": 0.0,
          "triggers": 0,
          "runs": 3,
          "pass": true
        },
        {
          "query": "preciso de uma policy de autoriza\u00e7\u00e3o pra checar se o usu\u00e1rio pode editar um projeto espec\u00edfico no laravel",
          "should_trigger": false,
          "trigger_rate": 0.0,
          "triggers": 0,
          "runs": 3,
          "pass": true
        },
        {
          "query": "configura o Sanctum para autentica\u00e7\u00e3o de API por TOKEN pra um app mobile consumir os endpoints do engeapp",
          "should_trigger": false,
          "trigger_rate": 0.0,
          "triggers": 0,
          "runs": 3,
          "pass": true
        },
        {
          "query": "adiciona autentica\u00e7\u00e3o de dois fatores (2FA) por app autenticador (TOTP) pros usu\u00e1rios",
          "should_trigger": false,
          "trigger_rate": 0.0,
          "triggers": 0,
          "runs": 3,
          "pass": true
        }
      ],
      "passed": 5,
      "failed": 7,
      "total": 12,
      "results": [
        {
          "query": "onde eu defino as rotas nomeadas de auth pro ziggy resolver o route('login') e o redirect do oauth no front?",
          "should_trigger": true,
          "trigger_rate": 0.0,
          "triggers": 0,
          "runs": 3,
          "pass": false
        },
        {
          "query": "recuperar o usu\u00e1rio logado no frontend por uma store maxpinia (user.data) e proteger as rotas que exigem autentica\u00e7\u00e3o no engeapp",
          "should_trigger": true,
          "trigger_rate": 0.0,
          "triggers": 0,
          "runs": 3,
          "pass": false
        },
        {
          "query": "preciso do logout que encerra a sess\u00e3o no laravel e redireciona pra tela de login limpando o estado do usu\u00e1rio no front",
          "should_trigger": true,
          "trigger_rate": 0.3333333333333333,
          "triggers": 1,
          "runs": 3,
          "pass": false
        },
        {
          "query": "quero adicionar o MaxAuthCard na p\u00e1gina de login e ligar os eventos submit e social no store, sem inertia, com vue router",
          "should_trigger": true,
          "trigger_rate": 0.0,
          "triggers": 0,
          "runs": 3,
          "pass": false
        },
        {
          "query": "como fa\u00e7o o guard do vue router parar de jogar o usu\u00e1rio pro /login quando d\u00e1 F5? t\u00f4 usando maxpinia no engeapp (laravel 13) e o user.data ainda n\u00e3o carregou",
          "should_trigger": true,
          "trigger_rate": 0.0,
          "triggers": 0,
          "runs": 3,
          "pass": false
        },
        {
          "query": "cria o formul\u00e1rio multi-etapas de CADASTRO de nova empresa solar com CNPJ, endere\u00e7o e valida\u00e7\u00e3o no engeapp",
          "should_trigger": false,
          "trigger_rate": 0.0,
          "triggers": 0,
          "runs": 3,
          "pass": true
        },
        {
          "query": "preciso montar a tela de entrar no maxdmin com aquele card de login (MaxAuthCard), e-mail ou telefone + senha, e o bot\u00e3o de entrar com google. front \u00e9 vue com ziggy, backend laravel",
          "should_trigger": true,
          "trigger_rate": 0.0,
          "triggers": 0,
          "runs": 3,
          "pass": false
        },
        {
          "query": "configura o ziggy no vite pra gerar o arquivo de rotas nomeadas do app inteiro no build",
          "should_trigger": false,
          "trigger_rate": 0.0,
          "triggers": 0,
          "runs": 3,
          "pass": true
        },
        {
          "query": "cria uma store maxpinia pra listar e auto-salvar os projetos da dashboard, com cache",
          "should_trigger": false,
          "trigger_rate": 0.0,
          "triggers": 0,
          "runs": 3,
          "pass": true
        },
        {
          "query": "implementa o login social com Ally no AdonisJS do Maxdmin (node), google e facebook, autentica\u00e7\u00e3o por sess\u00e3o",
          "should_trigger": false,
          "trigger_rate": 0.0,
          "triggers": 0,
          "runs": 3,
          "pass": true
        },
        {
          "query": "como fa\u00e7o o fluxo de reset de senha por e-mail (esqueci minha senha) com token no laravel?",
          "should_trigger": false,
          "trigger_rate": 0.6666666666666666,
          "triggers": 2,
          "runs": 3,
          "pass": false
        },
        {
          "query": "o impersonate de usu\u00e1rio (entrar como outro usu\u00e1rio) t\u00e1 dando erro no laravel, como arrumo?",
          "should_trigger": false,
          "trigger_rate": 0.0,
          "triggers": 0,
          "runs": 3,
          "pass": true
        }
      ]
    },
    {
      "iteration": 2,
      "description": "Use para qualquer tarefa de AUTENTICA\u00c7\u00c3O/LOGIN no stack engeapp/Maxdmin web: Laravel 13 (sem Inertia) + Vue Router + Ziggy + MaxPinia + MaxComponentsUi. Inclui: montar/ligar a tela de login com o card MaxAuthCard (e-mail OU telefone + senha), evento submit e bot\u00e3o \"entrar\"; login social OAuth (Google/Facebook via Socialite) e seu redirect no front; logout que encerra a sess\u00e3o e limpa o estado do usu\u00e1rio; rotas nomeadas de auth pro Ziggy resolver (route('login'), redirect do OAuth); recuperar/reidratar o usu\u00e1rio atual (user.data) numa store MaxPinia useUser; e o guard do Vue Router que protege rotas e n\u00e3o deve jogar pro /login no F5 antes do user carregar. Acione mesmo sem citar \"Laravel\", ao aparecer MaxAuthCard, \"entrar\"/autenticar, login social, guard de autentica\u00e7\u00e3o, sess\u00e3o, logout ou usu\u00e1rio logado NESTE stack (Ziggy + MaxPinia). N\u00c3O acione para reset/recupera\u00e7\u00e3o de senha (\"esqueci minha senha\", token por e-mail), cadastro/registro de conta, nem pro stack AdonisJS (rotas em string, sem Ziggy/Sanctum).",
      "train_passed": 6,
      "train_failed": 6,
      "train_total": 12,
      "train_results": [
        {
          "query": "onde eu defino as rotas nomeadas de auth pro ziggy resolver o route('login') e o redirect do oauth no front?",
          "should_trigger": true,
          "trigger_rate": 0.3333333333333333,
          "triggers": 1,
          "runs": 3,
          "pass": false
        },
        {
          "query": "preciso do logout que encerra a sess\u00e3o no laravel e redireciona pra tela de login limpando o estado do usu\u00e1rio no front",
          "should_trigger": true,
          "trigger_rate": 0.0,
          "triggers": 0,
          "runs": 3,
          "pass": false
        },
        {
          "query": "recuperar o usu\u00e1rio logado no frontend por uma store maxpinia (user.data) e proteger as rotas que exigem autentica\u00e7\u00e3o no engeapp",
          "should_trigger": true,
          "trigger_rate": 0.0,
          "triggers": 0,
          "runs": 3,
          "pass": false
        },
        {
          "query": "quero adicionar o MaxAuthCard na p\u00e1gina de login e ligar os eventos submit e social no store, sem inertia, com vue router",
          "should_trigger": true,
          "trigger_rate": 0.0,
          "triggers": 0,
          "runs": 3,
          "pass": false
        },
        {
          "query": "preciso montar a tela de entrar no maxdmin com aquele card de login (MaxAuthCard), e-mail ou telefone + senha, e o bot\u00e3o de entrar com google. front \u00e9 vue com ziggy, backend laravel",
          "should_trigger": true,
          "trigger_rate": 0.3333333333333333,
          "triggers": 1,
          "runs": 3,
          "pass": false
        },
        {
          "query": "como fa\u00e7o o guard do vue router parar de jogar o usu\u00e1rio pro /login quando d\u00e1 F5? t\u00f4 usando maxpinia no engeapp (laravel 13) e o user.data ainda n\u00e3o carregou",
          "should_trigger": true,
          "trigger_rate": 0.0,
          "triggers": 0,
          "runs": 3,
          "pass": false
        },
        {
          "query": "cria o formul\u00e1rio multi-etapas de CADASTRO de nova empresa solar com CNPJ, endere\u00e7o e valida\u00e7\u00e3o no engeapp",
          "should_trigger": false,
          "trigger_rate": 0.0,
          "triggers": 0,
          "runs": 3,
          "pass": true
        },
        {
          "query": "configura o ziggy no vite pra gerar o arquivo de rotas nomeadas do app inteiro no build",
          "should_trigger": false,
          "trigger_rate": 0.0,
          "triggers": 0,
          "runs": 3,
          "pass": true
        },
        {
          "query": "cria uma store maxpinia pra listar e auto-salvar os projetos da dashboard, com cache",
          "should_trigger": false,
          "trigger_rate": 0.0,
          "triggers": 0,
          "runs": 3,
          "pass": true
        },
        {
          "query": "implementa o login social com Ally no AdonisJS do Maxdmin (node), google e facebook, autentica\u00e7\u00e3o por sess\u00e3o",
          "should_trigger": false,
          "trigger_rate": 0.0,
          "triggers": 0,
          "runs": 3,
          "pass": true
        },
        {
          "query": "o impersonate de usu\u00e1rio (entrar como outro usu\u00e1rio) t\u00e1 dando erro no laravel, como arrumo?",
          "should_trigger": false,
          "trigger_rate": 0.0,
          "triggers": 0,
          "runs": 3,
          "pass": true
        },
        {
          "query": "como fa\u00e7o o fluxo de reset de senha por e-mail (esqueci minha senha) com token no laravel?",
          "should_trigger": false,
          "trigger_rate": 0.0,
          "triggers": 0,
          "runs": 3,
          "pass": true
        }
      ],
      "test_passed": 4,
      "test_failed": 4,
      "test_total": 8,
      "test_results": [
        {
          "query": "o apiPostRoute('login') t\u00e1 retornando null e n\u00e3o cria a sess\u00e3o, stack laravel 13 com sanctum csrf e cookie, o que pode ser?",
          "should_trigger": true,
          "trigger_rate": 0.3333333333333333,
          "triggers": 1,
          "runs": 3,
          "pass": false
        },
        {
          "query": "o login social com facebook t\u00e1 dando InvalidStateException no callback, \u00e9 laravel socialite com sess\u00e3o, me ajuda a debugar",
          "should_trigger": true,
          "trigger_rate": 0.0,
          "triggers": 0,
          "runs": 3,
          "pass": false
        },
        {
          "query": "implementa o callback do socialite pro google no nosso laravel, criando o usu\u00e1rio no primeiro acesso e autenticando por sess\u00e3o",
          "should_trigger": true,
          "trigger_rate": 0.3333333333333333,
          "triggers": 1,
          "runs": 3,
          "pass": false
        },
        {
          "query": "monta o fluxo de entrar por e-mail/telefone com lembrar-me e os bot\u00f5es google e facebook na tela de acesso do painel administrativo",
          "should_trigger": true,
          "trigger_rate": 0.0,
          "triggers": 0,
          "runs": 3,
          "pass": false
        },
        {
          "query": "preciso de uma policy de autoriza\u00e7\u00e3o pra checar se o usu\u00e1rio pode editar um projeto espec\u00edfico no laravel",
          "should_trigger": false,
          "trigger_rate": 0.0,
          "triggers": 0,
          "runs": 3,
          "pass": true
        },
        {
          "query": "adiciona autentica\u00e7\u00e3o de dois fatores (2FA) por app autenticador (TOTP) pros usu\u00e1rios",
          "should_trigger": false,
          "trigger_rate": 0.0,
          "triggers": 0,
          "runs": 3,
          "pass": true
        },
        {
          "query": "gera os detalhes do driver do socialite pro Microsoft Azure AD e o mock dele em teste Pest",
          "should_trigger": false,
          "trigger_rate": 0.0,
          "triggers": 0,
          "runs": 3,
          "pass": true
        },
        {
          "query": "configura o Sanctum para autentica\u00e7\u00e3o de API por TOKEN pra um app mobile consumir os endpoints do engeapp",
          "should_trigger": false,
          "trigger_rate": 0.0,
          "triggers": 0,
          "runs": 3,
          "pass": true
        }
      ],
      "passed": 6,
      "failed": 6,
      "total": 12,
      "results": [
        {
          "query": "onde eu defino as rotas nomeadas de auth pro ziggy resolver o route('login') e o redirect do oauth no front?",
          "should_trigger": true,
          "trigger_rate": 0.3333333333333333,
          "triggers": 1,
          "runs": 3,
          "pass": false
        },
        {
          "query": "preciso do logout que encerra a sess\u00e3o no laravel e redireciona pra tela de login limpando o estado do usu\u00e1rio no front",
          "should_trigger": true,
          "trigger_rate": 0.0,
          "triggers": 0,
          "runs": 3,
          "pass": false
        },
        {
          "query": "recuperar o usu\u00e1rio logado no frontend por uma store maxpinia (user.data) e proteger as rotas que exigem autentica\u00e7\u00e3o no engeapp",
          "should_trigger": true,
          "trigger_rate": 0.0,
          "triggers": 0,
          "runs": 3,
          "pass": false
        },
        {
          "query": "quero adicionar o MaxAuthCard na p\u00e1gina de login e ligar os eventos submit e social no store, sem inertia, com vue router",
          "should_trigger": true,
          "trigger_rate": 0.0,
          "triggers": 0,
          "runs": 3,
          "pass": false
        },
        {
          "query": "preciso montar a tela de entrar no maxdmin com aquele card de login (MaxAuthCard), e-mail ou telefone + senha, e o bot\u00e3o de entrar com google. front \u00e9 vue com ziggy, backend laravel",
          "should_trigger": true,
          "trigger_rate": 0.3333333333333333,
          "triggers": 1,
          "runs": 3,
          "pass": false
        },
        {
          "query": "como fa\u00e7o o guard do vue router parar de jogar o usu\u00e1rio pro /login quando d\u00e1 F5? t\u00f4 usando maxpinia no engeapp (laravel 13) e o user.data ainda n\u00e3o carregou",
          "should_trigger": true,
          "trigger_rate": 0.0,
          "triggers": 0,
          "runs": 3,
          "pass": false
        },
        {
          "query": "cria o formul\u00e1rio multi-etapas de CADASTRO de nova empresa solar com CNPJ, endere\u00e7o e valida\u00e7\u00e3o no engeapp",
          "should_trigger": false,
          "trigger_rate": 0.0,
          "triggers": 0,
          "runs": 3,
          "pass": true
        },
        {
          "query": "configura o ziggy no vite pra gerar o arquivo de rotas nomeadas do app inteiro no build",
          "should_trigger": false,
          "trigger_rate": 0.0,
          "triggers": 0,
          "runs": 3,
          "pass": true
        },
        {
          "query": "cria uma store maxpinia pra listar e auto-salvar os projetos da dashboard, com cache",
          "should_trigger": false,
          "trigger_rate": 0.0,
          "triggers": 0,
          "runs": 3,
          "pass": true
        },
        {
          "query": "implementa o login social com Ally no AdonisJS do Maxdmin (node), google e facebook, autentica\u00e7\u00e3o por sess\u00e3o",
          "should_trigger": false,
          "trigger_rate": 0.0,
          "triggers": 0,
          "runs": 3,
          "pass": true
        },
        {
          "query": "o impersonate de usu\u00e1rio (entrar como outro usu\u00e1rio) t\u00e1 dando erro no laravel, como arrumo?",
          "should_trigger": false,
          "trigger_rate": 0.0,
          "triggers": 0,
          "runs": 3,
          "pass": true
        },
        {
          "query": "como fa\u00e7o o fluxo de reset de senha por e-mail (esqueci minha senha) com token no laravel?",
          "should_trigger": false,
          "trigger_rate": 0.0,
          "triggers": 0,
          "runs": 3,
          "pass": true
        }
      ]
    },
    {
      "iteration": 3,
      "description": "Use ao construir, corrigir ou revisar qualquer parte do LOGIN e da SESS\u00c3O de usu\u00e1rio no stack web engeapp/Maxdmin: Laravel 13 (sem Inertia) com Vue Router + Ziggy + MaxPinia + MaxComponentsUi.\n\nAcione para: montar/ligar a tela de \"entrar\" com o card MaxAuthCard (e-mail ou telefone + senha), fiar submit e social no store; login social OAuth (Google/Facebook, Socialite) e redirect no front; logout que encerra a sess\u00e3o e limpa o estado do usu\u00e1rio; nomear rotas de auth pro Ziggy resolver (route('login'), redirect do OAuth); recuperar/reidratar o usu\u00e1rio atual (user.data) numa store MaxPinia useUser; guard do Vue Router que protege rotas e n\u00e3o pode chutar pro /login no F5 antes do user carregar.\n\nVale mesmo sem citar \"Laravel\" \u2014 basta MaxAuthCard, \"entrar\"/autenticar, login social, guard de auth, sess\u00e3o, logout ou usu\u00e1rio logado NESTE stack (Ziggy + MaxPinia).\n\nN\u00c3O acione para: reset/esqueci-a-senha (token por e-mail), cadastro/registro de conta, ou stack AdonisJS (rotas em string, sem Ziggy/Sanctum).",
      "train_passed": 6,
      "train_failed": 6,
      "train_total": 12,
      "train_results": [
        {
          "query": "onde eu defino as rotas nomeadas de auth pro ziggy resolver o route('login') e o redirect do oauth no front?",
          "should_trigger": true,
          "trigger_rate": 0.0,
          "triggers": 0,
          "runs": 3,
          "pass": false
        },
        {
          "query": "preciso do logout que encerra a sess\u00e3o no laravel e redireciona pra tela de login limpando o estado do usu\u00e1rio no front",
          "should_trigger": true,
          "trigger_rate": 0.0,
          "triggers": 0,
          "runs": 3,
          "pass": false
        },
        {
          "query": "recuperar o usu\u00e1rio logado no frontend por uma store maxpinia (user.data) e proteger as rotas que exigem autentica\u00e7\u00e3o no engeapp",
          "should_trigger": true,
          "trigger_rate": 0.0,
          "triggers": 0,
          "runs": 3,
          "pass": false
        },
        {
          "query": "quero adicionar o MaxAuthCard na p\u00e1gina de login e ligar os eventos submit e social no store, sem inertia, com vue router",
          "should_trigger": true,
          "trigger_rate": 0.3333333333333333,
          "triggers": 1,
          "runs": 3,
          "pass": false
        },
        {
          "query": "como fa\u00e7o o guard do vue router parar de jogar o usu\u00e1rio pro /login quando d\u00e1 F5? t\u00f4 usando maxpinia no engeapp (laravel 13) e o user.data ainda n\u00e3o carregou",
          "should_trigger": true,
          "trigger_rate": 0.3333333333333333,
          "triggers": 1,
          "runs": 3,
          "pass": false
        },
        {
          "query": "preciso montar a tela de entrar no maxdmin com aquele card de login (MaxAuthCard), e-mail ou telefone + senha, e o bot\u00e3o de entrar com google. front \u00e9 vue com ziggy, backend laravel",
          "should_trigger": true,
          "trigger_rate": 0.0,
          "triggers": 0,
          "runs": 3,
          "pass": false
        },
        {
          "query": "cria o formul\u00e1rio multi-etapas de CADASTRO de nova empresa solar com CNPJ, endere\u00e7o e valida\u00e7\u00e3o no engeapp",
          "should_trigger": false,
          "trigger_rate": 0.0,
          "triggers": 0,
          "runs": 3,
          "pass": true
        },
        {
          "query": "implementa o login social com Ally no AdonisJS do Maxdmin (node), google e facebook, autentica\u00e7\u00e3o por sess\u00e3o",
          "should_trigger": false,
          "trigger_rate": 0.0,
          "triggers": 0,
          "runs": 3,
          "pass": true
        },
        {
          "query": "cria uma store maxpinia pra listar e auto-salvar os projetos da dashboard, com cache",
          "should_trigger": false,
          "trigger_rate": 0.0,
          "triggers": 0,
          "runs": 3,
          "pass": true
        },
        {
          "query": "configura o ziggy no vite pra gerar o arquivo de rotas nomeadas do app inteiro no build",
          "should_trigger": false,
          "trigger_rate": 0.0,
          "triggers": 0,
          "runs": 3,
          "pass": true
        },
        {
          "query": "o impersonate de usu\u00e1rio (entrar como outro usu\u00e1rio) t\u00e1 dando erro no laravel, como arrumo?",
          "should_trigger": false,
          "trigger_rate": 0.0,
          "triggers": 0,
          "runs": 3,
          "pass": true
        },
        {
          "query": "como fa\u00e7o o fluxo de reset de senha por e-mail (esqueci minha senha) com token no laravel?",
          "should_trigger": false,
          "trigger_rate": 0.0,
          "triggers": 0,
          "runs": 3,
          "pass": true
        }
      ],
      "test_passed": 4,
      "test_failed": 4,
      "test_total": 8,
      "test_results": [
        {
          "query": "o apiPostRoute('login') t\u00e1 retornando null e n\u00e3o cria a sess\u00e3o, stack laravel 13 com sanctum csrf e cookie, o que pode ser?",
          "should_trigger": true,
          "trigger_rate": 0.0,
          "triggers": 0,
          "runs": 3,
          "pass": false
        },
        {
          "query": "o login social com facebook t\u00e1 dando InvalidStateException no callback, \u00e9 laravel socialite com sess\u00e3o, me ajuda a debugar",
          "should_trigger": true,
          "trigger_rate": 0.0,
          "triggers": 0,
          "runs": 3,
          "pass": false
        },
        {
          "query": "implementa o callback do socialite pro google no nosso laravel, criando o usu\u00e1rio no primeiro acesso e autenticando por sess\u00e3o",
          "should_trigger": true,
          "trigger_rate": 0.0,
          "triggers": 0,
          "runs": 3,
          "pass": false
        },
        {
          "query": "monta o fluxo de entrar por e-mail/telefone com lembrar-me e os bot\u00f5es google e facebook na tela de acesso do painel administrativo",
          "should_trigger": true,
          "trigger_rate": 0.3333333333333333,
          "triggers": 1,
          "runs": 3,
          "pass": false
        },
        {
          "query": "gera os detalhes do driver do socialite pro Microsoft Azure AD e o mock dele em teste Pest",
          "should_trigger": false,
          "trigger_rate": 0.0,
          "triggers": 0,
          "runs": 3,
          "pass": true
        },
        {
          "query": "configura o Sanctum para autentica\u00e7\u00e3o de API por TOKEN pra um app mobile consumir os endpoints do engeapp",
          "should_trigger": false,
          "trigger_rate": 0.0,
          "triggers": 0,
          "runs": 3,
          "pass": true
        },
        {
          "query": "adiciona autentica\u00e7\u00e3o de dois fatores (2FA) por app autenticador (TOTP) pros usu\u00e1rios",
          "should_trigger": false,
          "trigger_rate": 0.0,
          "triggers": 0,
          "runs": 3,
          "pass": true
        },
        {
          "query": "preciso de uma policy de autoriza\u00e7\u00e3o pra checar se o usu\u00e1rio pode editar um projeto espec\u00edfico no laravel",
          "should_trigger": false,
          "trigger_rate": 0.0,
          "triggers": 0,
          "runs": 3,
          "pass": true
        }
      ],
      "passed": 6,
      "failed": 6,
      "total": 12,
      "results": [
        {
          "query": "onde eu defino as rotas nomeadas de auth pro ziggy resolver o route('login') e o redirect do oauth no front?",
          "should_trigger": true,
          "trigger_rate": 0.0,
          "triggers": 0,
          "runs": 3,
          "pass": false
        },
        {
          "query": "preciso do logout que encerra a sess\u00e3o no laravel e redireciona pra tela de login limpando o estado do usu\u00e1rio no front",
          "should_trigger": true,
          "trigger_rate": 0.0,
          "triggers": 0,
          "runs": 3,
          "pass": false
        },
        {
          "query": "recuperar o usu\u00e1rio logado no frontend por uma store maxpinia (user.data) e proteger as rotas que exigem autentica\u00e7\u00e3o no engeapp",
          "should_trigger": true,
          "trigger_rate": 0.0,
          "triggers": 0,
          "runs": 3,
          "pass": false
        },
        {
          "query": "quero adicionar o MaxAuthCard na p\u00e1gina de login e ligar os eventos submit e social no store, sem inertia, com vue router",
          "should_trigger": true,
          "trigger_rate": 0.3333333333333333,
          "triggers": 1,
          "runs": 3,
          "pass": false
        },
        {
          "query": "como fa\u00e7o o guard do vue router parar de jogar o usu\u00e1rio pro /login quando d\u00e1 F5? t\u00f4 usando maxpinia no engeapp (laravel 13) e o user.data ainda n\u00e3o carregou",
          "should_trigger": true,
          "trigger_rate": 0.3333333333333333,
          "triggers": 1,
          "runs": 3,
          "pass": false
        },
        {
          "query": "preciso montar a tela de entrar no maxdmin com aquele card de login (MaxAuthCard), e-mail ou telefone + senha, e o bot\u00e3o de entrar com google. front \u00e9 vue com ziggy, backend laravel",
          "should_trigger": true,
          "trigger_rate": 0.0,
          "triggers": 0,
          "runs": 3,
          "pass": false
        },
        {
          "query": "cria o formul\u00e1rio multi-etapas de CADASTRO de nova empresa solar com CNPJ, endere\u00e7o e valida\u00e7\u00e3o no engeapp",
          "should_trigger": false,
          "trigger_rate": 0.0,
          "triggers": 0,
          "runs": 3,
          "pass": true
        },
        {
          "query": "implementa o login social com Ally no AdonisJS do Maxdmin (node), google e facebook, autentica\u00e7\u00e3o por sess\u00e3o",
          "should_trigger": false,
          "trigger_rate": 0.0,
          "triggers": 0,
          "runs": 3,
          "pass": true
        },
        {
          "query": "cria uma store maxpinia pra listar e auto-salvar os projetos da dashboard, com cache",
          "should_trigger": false,
          "trigger_rate": 0.0,
          "triggers": 0,
          "runs": 3,
          "pass": true
        },
        {
          "query": "configura o ziggy no vite pra gerar o arquivo de rotas nomeadas do app inteiro no build",
          "should_trigger": false,
          "trigger_rate": 0.0,
          "triggers": 0,
          "runs": 3,
          "pass": true
        },
        {
          "query": "o impersonate de usu\u00e1rio (entrar como outro usu\u00e1rio) t\u00e1 dando erro no laravel, como arrumo?",
          "should_trigger": false,
          "trigger_rate": 0.0,
          "triggers": 0,
          "runs": 3,
          "pass": true
        },
        {
          "query": "como fa\u00e7o o fluxo de reset de senha por e-mail (esqueci minha senha) com token no laravel?",
          "should_trigger": false,
          "trigger_rate": 0.0,
          "triggers": 0,
          "runs": 3,
          "pass": true
        }
      ]
    },
    {
      "iteration": 4,
      "description": "Use para qualquer tarefa de LOGIN, AUTENTICA\u00c7\u00c3O ou SESS\u00c3O de usu\u00e1rio no stack web engeapp/Maxdmin: Laravel 13 (sem Inertia) + Vue Router + Ziggy + MaxPinia + MaxComponentsUi.\n\nAcione quando o pedido envolver: fazer a tela de \"entrar\" funcionar com o card MaxAuthCard (e-mail ou telefone + senha, submit, bot\u00e3o social); login social OAuth Google/Facebook (Socialite) e seu redirect no front; logout que encerra a sess\u00e3o e limpa o estado; recuperar/reidratar o usu\u00e1rio logado (user.data) numa store MaxPinia; proteger rotas com guard do Vue Router (inclusive n\u00e3o jogar pro /login no F5); ou definir as rotas nomeadas de auth pro Ziggy.\n\nMesmo sem citar \"Laravel\", basta o tema ser entrar/autenticar/sess\u00e3o/logout/usu\u00e1rio logado NESTE stack.\n\nN\u00c3O acione para: reset/esqueci-a-senha, cadastro/registro de conta, ou stack AdonisJS (sem Ziggy/Sanctum).",
      "train_passed": 6,
      "train_failed": 6,
      "train_total": 12,
      "train_results": [
        {
          "query": "preciso do logout que encerra a sess\u00e3o no laravel e redireciona pra tela de login limpando o estado do usu\u00e1rio no front",
          "should_trigger": true,
          "trigger_rate": 0.3333333333333333,
          "triggers": 1,
          "runs": 3,
          "pass": false
        },
        {
          "query": "onde eu defino as rotas nomeadas de auth pro ziggy resolver o route('login') e o redirect do oauth no front?",
          "should_trigger": true,
          "trigger_rate": 0.0,
          "triggers": 0,
          "runs": 3,
          "pass": false
        },
        {
          "query": "recuperar o usu\u00e1rio logado no frontend por uma store maxpinia (user.data) e proteger as rotas que exigem autentica\u00e7\u00e3o no engeapp",
          "should_trigger": true,
          "trigger_rate": 0.0,
          "triggers": 0,
          "runs": 3,
          "pass": false
        },
        {
          "query": "quero adicionar o MaxAuthCard na p\u00e1gina de login e ligar os eventos submit e social no store, sem inertia, com vue router",
          "should_trigger": true,
          "trigger_rate": 0.0,
          "triggers": 0,
          "runs": 3,
          "pass": false
        },
        {
          "query": "preciso montar a tela de entrar no maxdmin com aquele card de login (MaxAuthCard), e-mail ou telefone + senha, e o bot\u00e3o de entrar com google. front \u00e9 vue com ziggy, backend laravel",
          "should_trigger": true,
          "trigger_rate": 0.0,
          "triggers": 0,
          "runs": 3,
          "pass": false
        },
        {
          "query": "como fa\u00e7o o guard do vue router parar de jogar o usu\u00e1rio pro /login quando d\u00e1 F5? t\u00f4 usando maxpinia no engeapp (laravel 13) e o user.data ainda n\u00e3o carregou",
          "should_trigger": true,
          "trigger_rate": 0.0,
          "triggers": 0,
          "runs": 3,
          "pass": false
        },
        {
          "query": "cria o formul\u00e1rio multi-etapas de CADASTRO de nova empresa solar com CNPJ, endere\u00e7o e valida\u00e7\u00e3o no engeapp",
          "should_trigger": false,
          "trigger_rate": 0.0,
          "triggers": 0,
          "runs": 3,
          "pass": true
        },
        {
          "query": "configura o ziggy no vite pra gerar o arquivo de rotas nomeadas do app inteiro no build",
          "should_trigger": false,
          "trigger_rate": 0.0,
          "triggers": 0,
          "runs": 3,
          "pass": true
        },
        {
          "query": "cria uma store maxpinia pra listar e auto-salvar os projetos da dashboard, com cache",
          "should_trigger": false,
          "trigger_rate": 0.0,
          "triggers": 0,
          "runs": 3,
          "pass": true
        },
        {
          "query": "implementa o login social com Ally no AdonisJS do Maxdmin (node), google e facebook, autentica\u00e7\u00e3o por sess\u00e3o",
          "should_trigger": false,
          "trigger_rate": 0.0,
          "triggers": 0,
          "runs": 3,
          "pass": true
        },
        {
          "query": "o impersonate de usu\u00e1rio (entrar como outro usu\u00e1rio) t\u00e1 dando erro no laravel, como arrumo?",
          "should_trigger": false,
          "trigger_rate": 0.0,
          "triggers": 0,
          "runs": 3,
          "pass": true
        },
        {
          "query": "como fa\u00e7o o fluxo de reset de senha por e-mail (esqueci minha senha) com token no laravel?",
          "should_trigger": false,
          "trigger_rate": 0.0,
          "triggers": 0,
          "runs": 3,
          "pass": true
        }
      ],
      "test_passed": 4,
      "test_failed": 4,
      "test_total": 8,
      "test_results": [
        {
          "query": "o apiPostRoute('login') t\u00e1 retornando null e n\u00e3o cria a sess\u00e3o, stack laravel 13 com sanctum csrf e cookie, o que pode ser?",
          "should_trigger": true,
          "trigger_rate": 0.0,
          "triggers": 0,
          "runs": 3,
          "pass": false
        },
        {
          "query": "o login social com facebook t\u00e1 dando InvalidStateException no callback, \u00e9 laravel socialite com sess\u00e3o, me ajuda a debugar",
          "should_trigger": true,
          "trigger_rate": 0.0,
          "triggers": 0,
          "runs": 3,
          "pass": false
        },
        {
          "query": "implementa o callback do socialite pro google no nosso laravel, criando o usu\u00e1rio no primeiro acesso e autenticando por sess\u00e3o",
          "should_trigger": true,
          "trigger_rate": 0.3333333333333333,
          "triggers": 1,
          "runs": 3,
          "pass": false
        },
        {
          "query": "monta o fluxo de entrar por e-mail/telefone com lembrar-me e os bot\u00f5es google e facebook na tela de acesso do painel administrativo",
          "should_trigger": true,
          "trigger_rate": 0.0,
          "triggers": 0,
          "runs": 3,
          "pass": false
        },
        {
          "query": "gera os detalhes do driver do socialite pro Microsoft Azure AD e o mock dele em teste Pest",
          "should_trigger": false,
          "trigger_rate": 0.0,
          "triggers": 0,
          "runs": 3,
          "pass": true
        },
        {
          "query": "preciso de uma policy de autoriza\u00e7\u00e3o pra checar se o usu\u00e1rio pode editar um projeto espec\u00edfico no laravel",
          "should_trigger": false,
          "trigger_rate": 0.0,
          "triggers": 0,
          "runs": 3,
          "pass": true
        },
        {
          "query": "configura o Sanctum para autentica\u00e7\u00e3o de API por TOKEN pra um app mobile consumir os endpoints do engeapp",
          "should_trigger": false,
          "trigger_rate": 0.0,
          "triggers": 0,
          "runs": 3,
          "pass": true
        },
        {
          "query": "adiciona autentica\u00e7\u00e3o de dois fatores (2FA) por app autenticador (TOTP) pros usu\u00e1rios",
          "should_trigger": false,
          "trigger_rate": 0.0,
          "triggers": 0,
          "runs": 3,
          "pass": true
        }
      ],
      "passed": 6,
      "failed": 6,
      "total": 12,
      "results": [
        {
          "query": "preciso do logout que encerra a sess\u00e3o no laravel e redireciona pra tela de login limpando o estado do usu\u00e1rio no front",
          "should_trigger": true,
          "trigger_rate": 0.3333333333333333,
          "triggers": 1,
          "runs": 3,
          "pass": false
        },
        {
          "query": "onde eu defino as rotas nomeadas de auth pro ziggy resolver o route('login') e o redirect do oauth no front?",
          "should_trigger": true,
          "trigger_rate": 0.0,
          "triggers": 0,
          "runs": 3,
          "pass": false
        },
        {
          "query": "recuperar o usu\u00e1rio logado no frontend por uma store maxpinia (user.data) e proteger as rotas que exigem autentica\u00e7\u00e3o no engeapp",
          "should_trigger": true,
          "trigger_rate": 0.0,
          "triggers": 0,
          "runs": 3,
          "pass": false
        },
        {
          "query": "quero adicionar o MaxAuthCard na p\u00e1gina de login e ligar os eventos submit e social no store, sem inertia, com vue router",
          "should_trigger": true,
          "trigger_rate": 0.0,
          "triggers": 0,
          "runs": 3,
          "pass": false
        },
        {
          "query": "preciso montar a tela de entrar no maxdmin com aquele card de login (MaxAuthCard), e-mail ou telefone + senha, e o bot\u00e3o de entrar com google. front \u00e9 vue com ziggy, backend laravel",
          "should_trigger": true,
          "trigger_rate": 0.0,
          "triggers": 0,
          "runs": 3,
          "pass": false
        },
        {
          "query": "como fa\u00e7o o guard do vue router parar de jogar o usu\u00e1rio pro /login quando d\u00e1 F5? t\u00f4 usando maxpinia no engeapp (laravel 13) e o user.data ainda n\u00e3o carregou",
          "should_trigger": true,
          "trigger_rate": 0.0,
          "triggers": 0,
          "runs": 3,
          "pass": false
        },
        {
          "query": "cria o formul\u00e1rio multi-etapas de CADASTRO de nova empresa solar com CNPJ, endere\u00e7o e valida\u00e7\u00e3o no engeapp",
          "should_trigger": false,
          "trigger_rate": 0.0,
          "triggers": 0,
          "runs": 3,
          "pass": true
        },
        {
          "query": "configura o ziggy no vite pra gerar o arquivo de rotas nomeadas do app inteiro no build",
          "should_trigger": false,
          "trigger_rate": 0.0,
          "triggers": 0,
          "runs": 3,
          "pass": true
        },
        {
          "query": "cria uma store maxpinia pra listar e auto-salvar os projetos da dashboard, com cache",
          "should_trigger": false,
          "trigger_rate": 0.0,
          "triggers": 0,
          "runs": 3,
          "pass": true
        },
        {
          "query": "implementa o login social com Ally no AdonisJS do Maxdmin (node), google e facebook, autentica\u00e7\u00e3o por sess\u00e3o",
          "should_trigger": false,
          "trigger_rate": 0.0,
          "triggers": 0,
          "runs": 3,
          "pass": true
        },
        {
          "query": "o impersonate de usu\u00e1rio (entrar como outro usu\u00e1rio) t\u00e1 dando erro no laravel, como arrumo?",
          "should_trigger": false,
          "trigger_rate": 0.0,
          "triggers": 0,
          "runs": 3,
          "pass": true
        },
        {
          "query": "como fa\u00e7o o fluxo de reset de senha por e-mail (esqueci minha senha) com token no laravel?",
          "should_trigger": false,
          "trigger_rate": 0.0,
          "triggers": 0,
          "runs": 3,
          "pass": true
        }
      ]
    },
    {
      "iteration": 5,
      "description": "Use SEMPRE que a tarefa for sobre entrar/logar, autenticar, sess\u00e3o de usu\u00e1rio, logout ou recuperar o usu\u00e1rio logado no app web engeapp/Maxdmin \u2014 Laravel 13 (sem Inertia) com Vue Router, Ziggy, MaxPinia e MaxComponentsUi.\n\nAcione para qualquer um destes, mesmo que n\u00e3o citem \"Laravel\":\n\u2022 tela/p\u00e1gina de login com o card MaxAuthCard (e-mail ou telefone + senha, submit, bot\u00e3o social);\n\u2022 login social OAuth Google/Facebook (Socialite) e o redirect no front;\n\u2022 logout que encerra a sess\u00e3o e limpa o estado do usu\u00e1rio;\n\u2022 rotas nomeadas de auth pro Ziggy resolver (route('login'), redirect do OAuth);\n\u2022 pegar/reidratar o usu\u00e1rio atual (user.data) numa store MaxPinia;\n\u2022 guard do Vue Router que protege rotas ou joga pro /login (inclusive o F5 antes do user carregar).\n\nPalavras-gatilho: MaxAuthCard, entrar, autenticar, login social, guard, sess\u00e3o, logout, usu\u00e1rio logado.\n\nN\u00c3O acione para: reset/esqueci-a-senha, cadastro/registro de conta, nem stack AdonisJS (sem Ziggy/Sanctum).",
      "train_passed": 6,
      "train_failed": 6,
      "train_total": 12,
      "train_results": [
        {
          "query": "onde eu defino as rotas nomeadas de auth pro ziggy resolver o route('login') e o redirect do oauth no front?",
          "should_trigger": true,
          "trigger_rate": 0.0,
          "triggers": 0,
          "runs": 3,
          "pass": false
        },
        {
          "query": "preciso do logout que encerra a sess\u00e3o no laravel e redireciona pra tela de login limpando o estado do usu\u00e1rio no front",
          "should_trigger": true,
          "trigger_rate": 0.0,
          "triggers": 0,
          "runs": 3,
          "pass": false
        },
        {
          "query": "recuperar o usu\u00e1rio logado no frontend por uma store maxpinia (user.data) e proteger as rotas que exigem autentica\u00e7\u00e3o no engeapp",
          "should_trigger": true,
          "trigger_rate": 0.3333333333333333,
          "triggers": 1,
          "runs": 3,
          "pass": false
        },
        {
          "query": "quero adicionar o MaxAuthCard na p\u00e1gina de login e ligar os eventos submit e social no store, sem inertia, com vue router",
          "should_trigger": true,
          "trigger_rate": 0.0,
          "triggers": 0,
          "runs": 3,
          "pass": false
        },
        {
          "query": "como fa\u00e7o o guard do vue router parar de jogar o usu\u00e1rio pro /login quando d\u00e1 F5? t\u00f4 usando maxpinia no engeapp (laravel 13) e o user.data ainda n\u00e3o carregou",
          "should_trigger": true,
          "trigger_rate": 0.0,
          "triggers": 0,
          "runs": 3,
          "pass": false
        },
        {
          "query": "preciso montar a tela de entrar no maxdmin com aquele card de login (MaxAuthCard), e-mail ou telefone + senha, e o bot\u00e3o de entrar com google. front \u00e9 vue com ziggy, backend laravel",
          "should_trigger": true,
          "trigger_rate": 0.3333333333333333,
          "triggers": 1,
          "runs": 3,
          "pass": false
        },
        {
          "query": "cria o formul\u00e1rio multi-etapas de CADASTRO de nova empresa solar com CNPJ, endere\u00e7o e valida\u00e7\u00e3o no engeapp",
          "should_trigger": false,
          "trigger_rate": 0.0,
          "triggers": 0,
          "runs": 3,
          "pass": true
        },
        {
          "query": "configura o ziggy no vite pra gerar o arquivo de rotas nomeadas do app inteiro no build",
          "should_trigger": false,
          "trigger_rate": 0.0,
          "triggers": 0,
          "runs": 3,
          "pass": true
        },
        {
          "query": "cria uma store maxpinia pra listar e auto-salvar os projetos da dashboard, com cache",
          "should_trigger": false,
          "trigger_rate": 0.0,
          "triggers": 0,
          "runs": 3,
          "pass": true
        },
        {
          "query": "implementa o login social com Ally no AdonisJS do Maxdmin (node), google e facebook, autentica\u00e7\u00e3o por sess\u00e3o",
          "should_trigger": false,
          "trigger_rate": 0.0,
          "triggers": 0,
          "runs": 3,
          "pass": true
        },
        {
          "query": "o impersonate de usu\u00e1rio (entrar como outro usu\u00e1rio) t\u00e1 dando erro no laravel, como arrumo?",
          "should_trigger": false,
          "trigger_rate": 0.0,
          "triggers": 0,
          "runs": 3,
          "pass": true
        },
        {
          "query": "como fa\u00e7o o fluxo de reset de senha por e-mail (esqueci minha senha) com token no laravel?",
          "should_trigger": false,
          "trigger_rate": 0.0,
          "triggers": 0,
          "runs": 3,
          "pass": true
        }
      ],
      "test_passed": 4,
      "test_failed": 4,
      "test_total": 8,
      "test_results": [
        {
          "query": "o apiPostRoute('login') t\u00e1 retornando null e n\u00e3o cria a sess\u00e3o, stack laravel 13 com sanctum csrf e cookie, o que pode ser?",
          "should_trigger": true,
          "trigger_rate": 0.0,
          "triggers": 0,
          "runs": 3,
          "pass": false
        },
        {
          "query": "o login social com facebook t\u00e1 dando InvalidStateException no callback, \u00e9 laravel socialite com sess\u00e3o, me ajuda a debugar",
          "should_trigger": true,
          "trigger_rate": 0.0,
          "triggers": 0,
          "runs": 3,
          "pass": false
        },
        {
          "query": "implementa o callback do socialite pro google no nosso laravel, criando o usu\u00e1rio no primeiro acesso e autenticando por sess\u00e3o",
          "should_trigger": true,
          "trigger_rate": 0.0,
          "triggers": 0,
          "runs": 3,
          "pass": false
        },
        {
          "query": "monta o fluxo de entrar por e-mail/telefone com lembrar-me e os bot\u00f5es google e facebook na tela de acesso do painel administrativo",
          "should_trigger": true,
          "trigger_rate": 0.0,
          "triggers": 0,
          "runs": 3,
          "pass": false
        },
        {
          "query": "preciso de uma policy de autoriza\u00e7\u00e3o pra checar se o usu\u00e1rio pode editar um projeto espec\u00edfico no laravel",
          "should_trigger": false,
          "trigger_rate": 0.0,
          "triggers": 0,
          "runs": 3,
          "pass": true
        },
        {
          "query": "gera os detalhes do driver do socialite pro Microsoft Azure AD e o mock dele em teste Pest",
          "should_trigger": false,
          "trigger_rate": 0.0,
          "triggers": 0,
          "runs": 3,
          "pass": true
        },
        {
          "query": "adiciona autentica\u00e7\u00e3o de dois fatores (2FA) por app autenticador (TOTP) pros usu\u00e1rios",
          "should_trigger": false,
          "trigger_rate": 0.0,
          "triggers": 0,
          "runs": 3,
          "pass": true
        },
        {
          "query": "configura o Sanctum para autentica\u00e7\u00e3o de API por TOKEN pra um app mobile consumir os endpoints do engeapp",
          "should_trigger": false,
          "trigger_rate": 0.0,
          "triggers": 0,
          "runs": 3,
          "pass": true
        }
      ],
      "passed": 6,
      "failed": 6,
      "total": 12,
      "results": [
        {
          "query": "onde eu defino as rotas nomeadas de auth pro ziggy resolver o route('login') e o redirect do oauth no front?",
          "should_trigger": true,
          "trigger_rate": 0.0,
          "triggers": 0,
          "runs": 3,
          "pass": false
        },
        {
          "query": "preciso do logout que encerra a sess\u00e3o no laravel e redireciona pra tela de login limpando o estado do usu\u00e1rio no front",
          "should_trigger": true,
          "trigger_rate": 0.0,
          "triggers": 0,
          "runs": 3,
          "pass": false
        },
        {
          "query": "recuperar o usu\u00e1rio logado no frontend por uma store maxpinia (user.data) e proteger as rotas que exigem autentica\u00e7\u00e3o no engeapp",
          "should_trigger": true,
          "trigger_rate": 0.3333333333333333,
          "triggers": 1,
          "runs": 3,
          "pass": false
        },
        {
          "query": "quero adicionar o MaxAuthCard na p\u00e1gina de login e ligar os eventos submit e social no store, sem inertia, com vue router",
          "should_trigger": true,
          "trigger_rate": 0.0,
          "triggers": 0,
          "runs": 3,
          "pass": false
        },
        {
          "query": "como fa\u00e7o o guard do vue router parar de jogar o usu\u00e1rio pro /login quando d\u00e1 F5? t\u00f4 usando maxpinia no engeapp (laravel 13) e o user.data ainda n\u00e3o carregou",
          "should_trigger": true,
          "trigger_rate": 0.0,
          "triggers": 0,
          "runs": 3,
          "pass": false
        },
        {
          "query": "preciso montar a tela de entrar no maxdmin com aquele card de login (MaxAuthCard), e-mail ou telefone + senha, e o bot\u00e3o de entrar com google. front \u00e9 vue com ziggy, backend laravel",
          "should_trigger": true,
          "trigger_rate": 0.3333333333333333,
          "triggers": 1,
          "runs": 3,
          "pass": false
        },
        {
          "query": "cria o formul\u00e1rio multi-etapas de CADASTRO de nova empresa solar com CNPJ, endere\u00e7o e valida\u00e7\u00e3o no engeapp",
          "should_trigger": false,
          "trigger_rate": 0.0,
          "triggers": 0,
          "runs": 3,
          "pass": true
        },
        {
          "query": "configura o ziggy no vite pra gerar o arquivo de rotas nomeadas do app inteiro no build",
          "should_trigger": false,
          "trigger_rate": 0.0,
          "triggers": 0,
          "runs": 3,
          "pass": true
        },
        {
          "query": "cria uma store maxpinia pra listar e auto-salvar os projetos da dashboard, com cache",
          "should_trigger": false,
          "trigger_rate": 0.0,
          "triggers": 0,
          "runs": 3,
          "pass": true
        },
        {
          "query": "implementa o login social com Ally no AdonisJS do Maxdmin (node), google e facebook, autentica\u00e7\u00e3o por sess\u00e3o",
          "should_trigger": false,
          "trigger_rate": 0.0,
          "triggers": 0,
          "runs": 3,
          "pass": true
        },
        {
          "query": "o impersonate de usu\u00e1rio (entrar como outro usu\u00e1rio) t\u00e1 dando erro no laravel, como arrumo?",
          "should_trigger": false,
          "trigger_rate": 0.0,
          "triggers": 0,
          "runs": 3,
          "pass": true
        },
        {
          "query": "como fa\u00e7o o fluxo de reset de senha por e-mail (esqueci minha senha) com token no laravel?",
          "should_trigger": false,
          "trigger_rate": 0.0,
          "triggers": 0,
          "runs": 3,
          "pass": true
        }
      ]
    }
  ]
}
