Split: 12 train, 8 test (holdout=0.4)

============================================================
Iteration 1/5
Description: Catálogo de API (referência) das bibliotecas locais do ecossistema Max — @maxvue/max-components-ui (MaxComponentsUi), @maxvue/max-use (MaxUse) e @maxvue/max-pinia (MaxPinia). Use SEMPRE que precisar saber as props, v-model, emits, slots, expose de um componente Max* (MaxButton, MaxInputText, MaxInputSelect, MaxTable, MaxModal, MaxPopover, MaxGrid, etc.), a assinatura de um composable/rota/helper do MaxUse (useRefCached, useRefCachedApi, useTimeAgo, apiGetRoute, goToRoute, o objeto `_`, re-export do VueUse) ou o contrato de store cacheado do MaxPinia (isCached, options.get/save/key, status, reload, clearAll, saveInServer). Dispara quando você for escolher qual componente/composable usar, conferir um nome de prop, um payload de evento, um slot disponível, o default de um valor, ou a assinatura exata de uma função — mesmo que o usuário não diga "Max". Consulte esta skill antes de inventar props ou importar `@vueuse/core`/`lodash` direto. É referência de API; para convenções de código e como montar telas use a vue-max-stack-frontend-best-practices.
============================================================
Train: 20/36 correct, precision=100% recall=11% accuracy=56% (75.2s)
  [FAIL] rate=0/3 expected=True: o useRefCached do maxuse recebe (key, initial) ou (initial, 
  [FAIL] rate=0/3 expected=True: como configuro um store MaxPinia pra fazer GET automático nu
  [FAIL] rate=1/3 expected=True: qual componente max eu uso no lugar de <input type=file> e q
  [FAIL] rate=0/3 expected=True: preciso de um debounce numa função aqui mas não posso import
  [FAIL] rate=0/3 expected=True: qual o nome da prop pra não renderizar o botão de abrir do M
  [FAIL] rate=1/3 expected=True: o MaxInputSelect dispara update:modelValue ou outro evento? 
  [PASS] rate=0/3 expected=False: monta pra mim uma tela de login completa usando os component
  [PASS] rate=0/3 expected=False: como escrevo um teste unitário do meu componente MaxButton c
  [PASS] rate=0/3 expected=False: qual a ordem certa dos blocos no SFC do maxdmin, é template 
  [PASS] rate=0/3 expected=False: qual a diferença entre ref e reactive no vue 3 na prática?
  [PASS] rate=0/3 expected=False: me explica como funciona o auto-import de componentes com un
  [PASS] rate=0/3 expected=False: preciso paginar a listagem de clientes, como estruturo o bac
Test : 13/24 correct, precision=67% recall=17% accuracy=54% (0.0s)
  [FAIL] rate=0/3 expected=True: tem algum composable no @maxvue/max-use pra mostrar 'há 2 ho
  [FAIL] rate=1/3 expected=True: to montando uma tabela com MaxTable, quais props ele aceita 
  [FAIL] rate=1/3 expected=True: quais slots o MaxAuthCard expõe? quero trocar o footer por u
  [FAIL] rate=0/3 expected=True: o MaxInputCpfCnpj tem v-model? e como mostro mensagem de err
  [PASS] rate=0/3 expected=False: quero repensar a paleta de cores e a tipografia do design sy
  [PASS] rate=1/3 expected=False: escreve um controller no adonis v6 que o store MaxPinia vai 
  [PASS] rate=0/3 expected=False: meu MaxTable não renderiza nada, o array de items chega vazi
  [PASS] rate=0/3 expected=False: meu eslint tá reclamando de comma-dangle e indent de 4 espaç

Improving description...
Proposed (12.3s): Use ao responder QUALQUER pergunta sobre a API das libs locais do stack Max (Maxdmin): MaxComponentsUi, MaxUse e MaxPinia — mesmo que o usuário não escreva "Max". Acione quando alguém quiser saber: o nome/tipo/default de uma prop, qual evento um componente emite e seu payload, quais slots/v-model/expose existem, ou qual componente Max substitui um elemento nativo (input, select, file, textarea, button, modal, tabela, popover, grid); a assinatura exata de um composable, helper ou rota (ordem dos argumentos, o que retorna) — ex.: useRefCached, useTimeAgo, apiGetRoute; o equivalente Max de algo do VueUse ou do lodash (debounce, cloneDeep) que NÃO se deve importar direto; ou como declarar/configurar um store cacheado MaxPinia (options.get/save/key, reload, saveInServer). É a resposta antes de inventar uma prop, adivinhar um argumento ou importar @vueuse/core/lodash. Somente referência de API — para convenções e montar telas, use vue-max-stack-frontend-best-practices.

============================================================
Iteration 2/5
Description: Use ao responder QUALQUER pergunta sobre a API das libs locais do stack Max (Maxdmin): MaxComponentsUi, MaxUse e MaxPinia — mesmo que o usuário não escreva "Max". Acione quando alguém quiser saber: o nome/tipo/default de uma prop, qual evento um componente emite e seu payload, quais slots/v-model/expose existem, ou qual componente Max substitui um elemento nativo (input, select, file, textarea, button, modal, tabela, popover, grid); a assinatura exata de um composable, helper ou rota (ordem dos argumentos, o que retorna) — ex.: useRefCached, useTimeAgo, apiGetRoute; o equivalente Max de algo do VueUse ou do lodash (debounce, cloneDeep) que NÃO se deve importar direto; ou como declarar/configurar um store cacheado MaxPinia (options.get/save/key, reload, saveInServer). É a resposta antes de inventar uma prop, adivinhar um argumento ou importar @vueuse/core/lodash. Somente referência de API — para convenções e montar telas, use vue-max-stack-frontend-best-practices.
============================================================
Train: 21/36 correct, precision=100% recall=17% accuracy=58% (64.8s)
  [FAIL] rate=0/3 expected=True: preciso de um debounce numa função aqui mas não posso import
  [FAIL] rate=0/3 expected=True: como configuro um store MaxPinia pra fazer GET automático nu
  [FAIL] rate=0/3 expected=True: qual componente max eu uso no lugar de <input type=file> e q
  [PASS] rate=2/3 expected=True: o useRefCached do maxuse recebe (key, initial) ou (initial, 
  [FAIL] rate=0/3 expected=True: qual o nome da prop pra não renderizar o botão de abrir do M
  [FAIL] rate=1/3 expected=True: o MaxInputSelect dispara update:modelValue ou outro evento? 
  [PASS] rate=0/3 expected=False: monta pra mim uma tela de login completa usando os component
  [PASS] rate=0/3 expected=False: como escrevo um teste unitário do meu componente MaxButton c
  [PASS] rate=0/3 expected=False: qual a ordem certa dos blocos no SFC do maxdmin, é template 
  [PASS] rate=0/3 expected=False: qual a diferença entre ref e reactive no vue 3 na prática?
  [PASS] rate=0/3 expected=False: me explica como funciona o auto-import de componentes com un
  [PASS] rate=0/3 expected=False: preciso paginar a listagem de clientes, como estruturo o bac
Test : 13/24 correct, precision=100% recall=8% accuracy=54% (0.0s)
  [FAIL] rate=0/3 expected=True: tem algum composable no @maxvue/max-use pra mostrar 'há 2 ho
  [FAIL] rate=1/3 expected=True: to montando uma tabela com MaxTable, quais props ele aceita 
  [FAIL] rate=0/3 expected=True: quais slots o MaxAuthCard expõe? quero trocar o footer por u
  [FAIL] rate=0/3 expected=True: o MaxInputCpfCnpj tem v-model? e como mostro mensagem de err
  [PASS] rate=0/3 expected=False: quero repensar a paleta de cores e a tipografia do design sy
  [PASS] rate=0/3 expected=False: escreve um controller no adonis v6 que o store MaxPinia vai 
  [PASS] rate=0/3 expected=False: meu MaxTable não renderiza nada, o array de items chega vazi
  [PASS] rate=0/3 expected=False: meu eslint tá reclamando de comma-dangle e indent de 4 espaç

Improving description...
Proposed (25.2s): Use para responder qualquer dúvida de API das libs locais do stack Max/Maxdmin (MaxComponentsUi, MaxUse, MaxPinia), mesmo quando o usuário não escreve "Max" nem cita a lib. Acione sempre que a pessoa precisar de um detalhe concreto pra escrever código: qual componente Max usar no lugar de um elemento nativo (input, file, select, textarea, button, modal, tabela, popover, grid) e quais props/eventos/slots/v-model ele tem — ex.: prop pra esconder header/botão de um modal, evento e payload de um input; a assinatura de um composable/helper/rota (o que recebe, o que retorna); o equivalente Max de algo do VueUse ou lodash (debounce, cloneDeep) que NÃO se deve importar direto; ou como declarar um store cacheado MaxPinia pra fazer GET numa rota e salvar sozinho (options.get/save/key, reload, saveInServer). É a consulta antes de inventar prop, chutar argumento ou importar @vueuse/core/lodash. Só referência de API — para convenções e montar telas, use vue-max-stack-frontend-best-practices.

============================================================
Iteration 3/5
Description: Use para responder qualquer dúvida de API das libs locais do stack Max/Maxdmin (MaxComponentsUi, MaxUse, MaxPinia), mesmo quando o usuário não escreve "Max" nem cita a lib. Acione sempre que a pessoa precisar de um detalhe concreto pra escrever código: qual componente Max usar no lugar de um elemento nativo (input, file, select, textarea, button, modal, tabela, popover, grid) e quais props/eventos/slots/v-model ele tem — ex.: prop pra esconder header/botão de um modal, evento e payload de um input; a assinatura de um composable/helper/rota (o que recebe, o que retorna); o equivalente Max de algo do VueUse ou lodash (debounce, cloneDeep) que NÃO se deve importar direto; ou como declarar um store cacheado MaxPinia pra fazer GET numa rota e salvar sozinho (options.get/save/key, reload, saveInServer). É a consulta antes de inventar prop, chutar argumento ou importar @vueuse/core/lodash. Só referência de API — para convenções e montar telas, use vue-max-stack-frontend-best-practices.
============================================================
Train: 19/36 correct, precision=100% recall=6% accuracy=53% (69.2s)
  [FAIL] rate=0/3 expected=True: preciso de um debounce numa função aqui mas não posso import
  [FAIL] rate=0/3 expected=True: como configuro um store MaxPinia pra fazer GET automático nu
  [FAIL] rate=0/3 expected=True: o useRefCached do maxuse recebe (key, initial) ou (initial, 
  [FAIL] rate=1/3 expected=True: qual componente max eu uso no lugar de <input type=file> e q
  [FAIL] rate=0/3 expected=True: qual o nome da prop pra não renderizar o botão de abrir do M
  [FAIL] rate=0/3 expected=True: o MaxInputSelect dispara update:modelValue ou outro evento? 
  [PASS] rate=0/3 expected=False: monta pra mim uma tela de login completa usando os component
  [PASS] rate=0/3 expected=False: como escrevo um teste unitário do meu componente MaxButton c
  [PASS] rate=0/3 expected=False: qual a ordem certa dos blocos no SFC do maxdmin, é template 
  [PASS] rate=0/3 expected=False: me explica como funciona o auto-import de componentes com un
  [PASS] rate=0/3 expected=False: qual a diferença entre ref e reactive no vue 3 na prática?
  [PASS] rate=0/3 expected=False: preciso paginar a listagem de clientes, como estruturo o bac
Test : 14/24 correct, precision=100% recall=17% accuracy=58% (0.0s)
  [FAIL] rate=0/3 expected=True: tem algum composable no @maxvue/max-use pra mostrar 'há 2 ho
  [FAIL] rate=1/3 expected=True: to montando uma tabela com MaxTable, quais props ele aceita 
  [FAIL] rate=0/3 expected=True: quais slots o MaxAuthCard expõe? quero trocar o footer por u
  [FAIL] rate=1/3 expected=True: o MaxInputCpfCnpj tem v-model? e como mostro mensagem de err
  [PASS] rate=0/3 expected=False: quero repensar a paleta de cores e a tipografia do design sy
  [PASS] rate=0/3 expected=False: escreve um controller no adonis v6 que o store MaxPinia vai 
  [PASS] rate=0/3 expected=False: meu MaxTable não renderiza nada, o array de items chega vazi
  [PASS] rate=0/3 expected=False: meu eslint tá reclamando de comma-dangle e indent de 4 espaç

Improving description...
Proposed (22.4s): <br>Referência de API das libs locais do projeto Vue/Maxdmin — MaxComponentsUi, MaxUse e MaxPinia. Acione SEMPRE que for escrever código Vue neste projeto e precisar de um detalhe concreto, mesmo que o usuário não escreva "Max" nem cite a lib:

- Qual componente usar no lugar de um elemento nativo (input, file, select, textarea, button, checkbox, modal, tabela, popover, grid) e suas props, eventos/payload, slots, v-model ou expose — ex.: prop pra esconder header/botão de um modal; qual evento um select emite.
- A assinatura exata de um composable, helper ou rota — ordem dos argumentos e o que retorna (useRefCached, useTimeAgo, apiGetRoute).
- O equivalente da lib pra um utilitário do VueUse ou lodash (debounce, cloneDeep) que NÃO se deve importar direto de @vueuse/core ou lodash.
- Como configurar um store cacheado pra fazer GET numa rota e salvar sozinho (options.get/save/key, reload, saveInServer).

Consulta antes de inventar prop, chutar argumento ou importar dependência externa. Só referência de API — para convenções e montar telas, use vue-max-stack-frontend-best-practices.

============================================================
Iteration 4/5
Description: <br>Referência de API das libs locais do projeto Vue/Maxdmin — MaxComponentsUi, MaxUse e MaxPinia. Acione SEMPRE que for escrever código Vue neste projeto e precisar de um detalhe concreto, mesmo que o usuário não escreva "Max" nem cite a lib:

- Qual componente usar no lugar de um elemento nativo (input, file, select, textarea, button, checkbox, modal, tabela, popover, grid) e suas props, eventos/payload, slots, v-model ou expose — ex.: prop pra esconder header/botão de um modal; qual evento um select emite.
- A assinatura exata de um composable, helper ou rota — ordem dos argumentos e o que retorna (useRefCached, useTimeAgo, apiGetRoute).
- O equivalente da lib pra um utilitário do VueUse ou lodash (debounce, cloneDeep) que NÃO se deve importar direto de @vueuse/core ou lodash.
- Como configurar um store cacheado pra fazer GET numa rota e salvar sozinho (options.get/save/key, reload, saveInServer).

Consulta antes de inventar prop, chutar argumento ou importar dependência externa. Só referência de API — para convenções e montar telas, use vue-max-stack-frontend-best-practices.
============================================================
Train: 20/36 correct, precision=100% recall=11% accuracy=56% (55.7s)
  [FAIL] rate=1/3 expected=True: qual componente max eu uso no lugar de <input type=file> e q
  [FAIL] rate=0/3 expected=True: preciso de um debounce numa função aqui mas não posso import
  [FAIL] rate=0/3 expected=True: como configuro um store MaxPinia pra fazer GET automático nu
  [FAIL] rate=0/3 expected=True: o useRefCached do maxuse recebe (key, initial) ou (initial, 
  [FAIL] rate=1/3 expected=True: qual o nome da prop pra não renderizar o botão de abrir do M
  [FAIL] rate=0/3 expected=True: o MaxInputSelect dispara update:modelValue ou outro evento? 
  [PASS] rate=0/3 expected=False: monta pra mim uma tela de login completa usando os component
  [PASS] rate=0/3 expected=False: como escrevo um teste unitário do meu componente MaxButton c
  [PASS] rate=0/3 expected=False: qual a ordem certa dos blocos no SFC do maxdmin, é template 
  [PASS] rate=0/3 expected=False: qual a diferença entre ref e reactive no vue 3 na prática?
  [PASS] rate=0/3 expected=False: me explica como funciona o auto-import de componentes com un
  [PASS] rate=0/3 expected=False: preciso paginar a listagem de clientes, como estruturo o bac
Test : 16/24 correct, precision=100% recall=33% accuracy=67% (0.0s)
  [PASS] rate=2/3 expected=True: tem algum composable no @maxvue/max-use pra mostrar 'há 2 ho
  [FAIL] rate=1/3 expected=True: to montando uma tabela com MaxTable, quais props ele aceita 
  [FAIL] rate=0/3 expected=True: quais slots o MaxAuthCard expõe? quero trocar o footer por u
  [FAIL] rate=1/3 expected=True: o MaxInputCpfCnpj tem v-model? e como mostro mensagem de err
  [PASS] rate=0/3 expected=False: quero repensar a paleta de cores e a tipografia do design sy
  [PASS] rate=0/3 expected=False: escreve um controller no adonis v6 que o store MaxPinia vai 
  [PASS] rate=0/3 expected=False: meu eslint tá reclamando de comma-dangle e indent de 4 espaç
  [PASS] rate=0/3 expected=False: meu MaxTable não renderiza nada, o array de items chega vazi

Improving description...
Proposed (24.3s): Você está escrevendo código Vue/frontend neste projeto (stack Maxdmin) e travou numa dúvida concreta de API — qual componente, prop, evento, argumento ou import usar? Use esta skill para consultar a referência das libs locais MaxComponentsUi, MaxUse e MaxPinia antes de adivinhar. Acione mesmo que o usuário não escreva "Max":

- Qual componente substitui um elemento nativo (input, file, select, textarea, button, checkbox, modal, tabela, popover, grid) e seus props/eventos/payload/slots/v-model.
- Nome, tipo ou default de uma prop; nome do evento emitido; se existe slot ou expose.
- Assinatura de composable, helper ou rota — ordem dos argumentos e retorno (useRefCached, useTimeAgo, apiGetRoute).
- Equivalente da lib para um utilitário de VueUse ou lodash (debounce, cloneDeep) que não se importa direto.
- Como declarar um store cacheado que faz GET numa rota e salva sozinho (options.get/save/key, reload, saveInServer).

Só referência de API. Para convenções e montar telas inteiras, use vue-max-stack-frontend-best-practices.

============================================================
Iteration 5/5
Description: Você está escrevendo código Vue/frontend neste projeto (stack Maxdmin) e travou numa dúvida concreta de API — qual componente, prop, evento, argumento ou import usar? Use esta skill para consultar a referência das libs locais MaxComponentsUi, MaxUse e MaxPinia antes de adivinhar. Acione mesmo que o usuário não escreva "Max":

- Qual componente substitui um elemento nativo (input, file, select, textarea, button, checkbox, modal, tabela, popover, grid) e seus props/eventos/payload/slots/v-model.
- Nome, tipo ou default de uma prop; nome do evento emitido; se existe slot ou expose.
- Assinatura de composable, helper ou rota — ordem dos argumentos e retorno (useRefCached, useTimeAgo, apiGetRoute).
- Equivalente da lib para um utilitário de VueUse ou lodash (debounce, cloneDeep) que não se importa direto.
- Como declarar um store cacheado que faz GET numa rota e salva sozinho (options.get/save/key, reload, saveInServer).

Só referência de API. Para convenções e montar telas inteiras, use vue-max-stack-frontend-best-practices.
============================================================
Train: 19/36 correct, precision=100% recall=6% accuracy=53% (58.0s)
  [FAIL] rate=0/3 expected=True: preciso de um debounce numa função aqui mas não posso import
  [FAIL] rate=0/3 expected=True: qual componente max eu uso no lugar de <input type=file> e q
  [FAIL] rate=1/3 expected=True: como configuro um store MaxPinia pra fazer GET automático nu
  [FAIL] rate=0/3 expected=True: o useRefCached do maxuse recebe (key, initial) ou (initial, 
  [FAIL] rate=0/3 expected=True: qual o nome da prop pra não renderizar o botão de abrir do M
  [FAIL] rate=0/3 expected=True: o MaxInputSelect dispara update:modelValue ou outro evento? 
  [PASS] rate=0/3 expected=False: monta pra mim uma tela de login completa usando os component
  [PASS] rate=0/3 expected=False: como escrevo um teste unitário do meu componente MaxButton c
  [PASS] rate=0/3 expected=False: qual a ordem certa dos blocos no SFC do maxdmin, é template 
  [PASS] rate=0/3 expected=False: me explica como funciona o auto-import de componentes com un
  [PASS] rate=0/3 expected=False: qual a diferença entre ref e reactive no vue 3 na prática?
  [PASS] rate=0/3 expected=False: preciso paginar a listagem de clientes, como estruturo o bac
Test : 12/24 correct, precision=100% recall=0% accuracy=50% (0.0s)
  [FAIL] rate=0/3 expected=True: tem algum composable no @maxvue/max-use pra mostrar 'há 2 ho
  [FAIL] rate=0/3 expected=True: to montando uma tabela com MaxTable, quais props ele aceita 
  [FAIL] rate=0/3 expected=True: quais slots o MaxAuthCard expõe? quero trocar o footer por u
  [FAIL] rate=0/3 expected=True: o MaxInputCpfCnpj tem v-model? e como mostro mensagem de err
  [PASS] rate=0/3 expected=False: quero repensar a paleta de cores e a tipografia do design sy
  [PASS] rate=0/3 expected=False: escreve um controller no adonis v6 que o store MaxPinia vai 
  [PASS] rate=0/3 expected=False: meu eslint tá reclamando de comma-dangle e indent de 4 espaç
  [PASS] rate=0/3 expected=False: meu MaxTable não renderiza nada, o array de items chega vazi

Max iterations reached (5).

Exit reason: max_iterations (5)
Best score: 5/8 (iteration 4)

Report: /tmp/skill_description_report_vue-max-ecosystem-api-reference_20260701_140022.html
{
  "exit_reason": "max_iterations (5)",
  "original_description": "Cat\u00e1logo de API (refer\u00eancia) das bibliotecas locais do ecossistema Max \u2014 @maxvue/max-components-ui (MaxComponentsUi), @maxvue/max-use (MaxUse) e @maxvue/max-pinia (MaxPinia). Use SEMPRE que precisar saber as props, v-model, emits, slots, expose de um componente Max* (MaxButton, MaxInputText, MaxInputSelect, MaxTable, MaxModal, MaxPopover, MaxGrid, etc.), a assinatura de um composable/rota/helper do MaxUse (useRefCached, useRefCachedApi, useTimeAgo, apiGetRoute, goToRoute, o objeto `_`, re-export do VueUse) ou o contrato de store cacheado do MaxPinia (isCached, options.get/save/key, status, reload, clearAll, saveInServer). Dispara quando voc\u00ea for escolher qual componente/composable usar, conferir um nome de prop, um payload de evento, um slot dispon\u00edvel, o default de um valor, ou a assinatura exata de uma fun\u00e7\u00e3o \u2014 mesmo que o usu\u00e1rio n\u00e3o diga \"Max\". Consulte esta skill antes de inventar props ou importar `@vueuse/core`/`lodash` direto. \u00c9 refer\u00eancia de API; para conven\u00e7\u00f5es de c\u00f3digo e como montar telas use a vue-max-stack-frontend-best-practices.",
  "best_description": "<br>Refer\u00eancia de API das libs locais do projeto Vue/Maxdmin \u2014 MaxComponentsUi, MaxUse e MaxPinia. Acione SEMPRE que for escrever c\u00f3digo Vue neste projeto e precisar de um detalhe concreto, mesmo que o usu\u00e1rio n\u00e3o escreva \"Max\" nem cite a lib:\n\n- Qual componente usar no lugar de um elemento nativo (input, file, select, textarea, button, checkbox, modal, tabela, popover, grid) e suas props, eventos/payload, slots, v-model ou expose \u2014 ex.: prop pra esconder header/bot\u00e3o de um modal; qual evento um select emite.\n- A assinatura exata de um composable, helper ou rota \u2014 ordem dos argumentos e o que retorna (useRefCached, useTimeAgo, apiGetRoute).\n- O equivalente da lib pra um utilit\u00e1rio do VueUse ou lodash (debounce, cloneDeep) que N\u00c3O se deve importar direto de @vueuse/core ou lodash.\n- Como configurar um store cacheado pra fazer GET numa rota e salvar sozinho (options.get/save/key, reload, saveInServer).\n\nConsulta antes de inventar prop, chutar argumento ou importar depend\u00eancia externa. S\u00f3 refer\u00eancia de API \u2014 para conven\u00e7\u00f5es e montar telas, use vue-max-stack-frontend-best-practices.",
  "best_score": "5/8",
  "best_train_score": "6/12",
  "best_test_score": "5/8",
  "final_description": "Voc\u00ea est\u00e1 escrevendo c\u00f3digo Vue/frontend neste projeto (stack Maxdmin) e travou numa d\u00favida concreta de API \u2014 qual componente, prop, evento, argumento ou import usar? Use esta skill para consultar a refer\u00eancia das libs locais MaxComponentsUi, MaxUse e MaxPinia antes de adivinhar. Acione mesmo que o usu\u00e1rio n\u00e3o escreva \"Max\":\n\n- Qual componente substitui um elemento nativo (input, file, select, textarea, button, checkbox, modal, tabela, popover, grid) e seus props/eventos/payload/slots/v-model.\n- Nome, tipo ou default de uma prop; nome do evento emitido; se existe slot ou expose.\n- Assinatura de composable, helper ou rota \u2014 ordem dos argumentos e retorno (useRefCached, useTimeAgo, apiGetRoute).\n- Equivalente da lib para um utilit\u00e1rio de VueUse ou lodash (debounce, cloneDeep) que n\u00e3o se importa direto.\n- Como declarar um store cacheado que faz GET numa rota e salva sozinho (options.get/save/key, reload, saveInServer).\n\nS\u00f3 refer\u00eancia de API. Para conven\u00e7\u00f5es e montar telas inteiras, use vue-max-stack-frontend-best-practices.",
  "iterations_run": 5,
  "holdout": 0.4,
  "train_size": 12,
  "test_size": 8,
  "history": [
    {
      "iteration": 1,
      "description": "Cat\u00e1logo de API (refer\u00eancia) das bibliotecas locais do ecossistema Max \u2014 @maxvue/max-components-ui (MaxComponentsUi), @maxvue/max-use (MaxUse) e @maxvue/max-pinia (MaxPinia). Use SEMPRE que precisar saber as props, v-model, emits, slots, expose de um componente Max* (MaxButton, MaxInputText, MaxInputSelect, MaxTable, MaxModal, MaxPopover, MaxGrid, etc.), a assinatura de um composable/rota/helper do MaxUse (useRefCached, useRefCachedApi, useTimeAgo, apiGetRoute, goToRoute, o objeto `_`, re-export do VueUse) ou o contrato de store cacheado do MaxPinia (isCached, options.get/save/key, status, reload, clearAll, saveInServer). Dispara quando voc\u00ea for escolher qual componente/composable usar, conferir um nome de prop, um payload de evento, um slot dispon\u00edvel, o default de um valor, ou a assinatura exata de uma fun\u00e7\u00e3o \u2014 mesmo que o usu\u00e1rio n\u00e3o diga \"Max\". Consulte esta skill antes de inventar props ou importar `@vueuse/core`/`lodash` direto. \u00c9 refer\u00eancia de API; para conven\u00e7\u00f5es de c\u00f3digo e como montar telas use a vue-max-stack-frontend-best-practices.",
      "train_passed": 6,
      "train_failed": 6,
      "train_total": 12,
      "train_results": [
        {
          "query": "o useRefCached do maxuse recebe (key, initial) ou (initial, key)? ele retorna um Ref reativo?",
          "should_trigger": true,
          "trigger_rate": 0.0,
          "triggers": 0,
          "runs": 3,
          "pass": false
        },
        {
          "query": "como configuro um store MaxPinia pra fazer GET autom\u00e1tico numa rota e salvar sozinho? o que vai dentro de options exatamente?",
          "should_trigger": true,
          "trigger_rate": 0.0,
          "triggers": 0,
          "runs": 3,
          "pass": false
        },
        {
          "query": "qual componente max eu uso no lugar de <input type=file> e quais props ele tem pra upload de v\u00e1rios arquivos?",
          "should_trigger": true,
          "trigger_rate": 0.3333333333333333,
          "triggers": 1,
          "runs": 3,
          "pass": false
        },
        {
          "query": "preciso de um debounce numa fun\u00e7\u00e3o aqui mas n\u00e3o posso importar lodash direto, qual o equivalente no ecossistema max?",
          "should_trigger": true,
          "trigger_rate": 0.0,
          "triggers": 0,
          "runs": 3,
          "pass": false
        },
        {
          "query": "qual o nome da prop pra n\u00e3o renderizar o bot\u00e3o de abrir do MaxModal? e tem como esconder o header dele tamb\u00e9m?",
          "should_trigger": true,
          "trigger_rate": 0.0,
          "triggers": 0,
          "runs": 3,
          "pass": false
        },
        {
          "query": "o MaxInputSelect dispara update:modelValue ou outro evento? preciso do payload exato pra ligar meu handler",
          "should_trigger": true,
          "trigger_rate": 0.3333333333333333,
          "triggers": 1,
          "runs": 3,
          "pass": false
        },
        {
          "query": "monta pra mim uma tela de login completa usando os componentes Max e ligando no endpoint de auth",
          "should_trigger": false,
          "trigger_rate": 0.0,
          "triggers": 0,
          "runs": 3,
          "pass": true
        },
        {
          "query": "como escrevo um teste unit\u00e1rio do meu componente MaxButton com vitest e testing-library?",
          "should_trigger": false,
          "trigger_rate": 0.0,
          "triggers": 0,
          "runs": 3,
          "pass": true
        },
        {
          "query": "qual a ordem certa dos blocos no SFC do maxdmin, \u00e9 template antes do script ou depois?",
          "should_trigger": false,
          "trigger_rate": 0.0,
          "triggers": 0,
          "runs": 3,
          "pass": true
        },
        {
          "query": "qual a diferen\u00e7a entre ref e reactive no vue 3 na pr\u00e1tica?",
          "should_trigger": false,
          "trigger_rate": 0.0,
          "triggers": 0,
          "runs": 3,
          "pass": true
        },
        {
          "query": "me explica como funciona o auto-import de componentes com unplugin-vue-components",
          "should_trigger": false,
          "trigger_rate": 0.0,
          "triggers": 0,
          "runs": 3,
          "pass": true
        },
        {
          "query": "preciso paginar a listagem de clientes, como estruturo o backend e a query no postgres?",
          "should_trigger": false,
          "trigger_rate": 0.0,
          "triggers": 0,
          "runs": 3,
          "pass": true
        }
      ],
      "test_passed": 4,
      "test_failed": 4,
      "test_total": 8,
      "test_results": [
        {
          "query": "tem algum composable no @maxvue/max-use pra mostrar 'h\u00e1 2 horas' estilo timeAgo? qual a assinatura",
          "should_trigger": true,
          "trigger_rate": 0.0,
          "triggers": 0,
          "runs": 3,
          "pass": false
        },
        {
          "query": "to montando uma tabela com MaxTable, quais props ele aceita e como passo a defini\u00e7\u00e3o das colunas?",
          "should_trigger": true,
          "trigger_rate": 0.3333333333333333,
          "triggers": 1,
          "runs": 3,
          "pass": false
        },
        {
          "query": "quais slots o MaxAuthCard exp\u00f5e? quero trocar o footer por um link de cadastro meu",
          "should_trigger": true,
          "trigger_rate": 0.3333333333333333,
          "triggers": 1,
          "runs": 3,
          "pass": false
        },
        {
          "query": "o MaxInputCpfCnpj tem v-model? e como mostro mensagem de erro de valida\u00e7\u00e3o nele via prop?",
          "should_trigger": true,
          "trigger_rate": 0.0,
          "triggers": 0,
          "runs": 3,
          "pass": false
        },
        {
          "query": "quero repensar a paleta de cores e a tipografia do design system, t\u00e1 muito gen\u00e9rico",
          "should_trigger": false,
          "trigger_rate": 0.0,
          "triggers": 0,
          "runs": 3,
          "pass": true
        },
        {
          "query": "escreve um controller no adonis v6 que o store MaxPinia vai consumir no GET /user/data",
          "should_trigger": false,
          "trigger_rate": 0.3333333333333333,
          "triggers": 1,
          "runs": 3,
          "pass": true
        },
        {
          "query": "meu MaxTable n\u00e3o renderiza nada, o array de items chega vazio, me ajuda a debugar o fluxo",
          "should_trigger": false,
          "trigger_rate": 0.0,
          "triggers": 0,
          "runs": 3,
          "pass": true
        },
        {
          "query": "meu eslint t\u00e1 reclamando de comma-dangle e indent de 4 espa\u00e7os no projeto vue, como ajusto a config?",
          "should_trigger": false,
          "trigger_rate": 0.0,
          "triggers": 0,
          "runs": 3,
          "pass": true
        }
      ],
      "passed": 6,
      "failed": 6,
      "total": 12,
      "results": [
        {
          "query": "o useRefCached do maxuse recebe (key, initial) ou (initial, key)? ele retorna um Ref reativo?",
          "should_trigger": true,
          "trigger_rate": 0.0,
          "triggers": 0,
          "runs": 3,
          "pass": false
        },
        {
          "query": "como configuro um store MaxPinia pra fazer GET autom\u00e1tico numa rota e salvar sozinho? o que vai dentro de options exatamente?",
          "should_trigger": true,
          "trigger_rate": 0.0,
          "triggers": 0,
          "runs": 3,
          "pass": false
        },
        {
          "query": "qual componente max eu uso no lugar de <input type=file> e quais props ele tem pra upload de v\u00e1rios arquivos?",
          "should_trigger": true,
          "trigger_rate": 0.3333333333333333,
          "triggers": 1,
          "runs": 3,
          "pass": false
        },
        {
          "query": "preciso de um debounce numa fun\u00e7\u00e3o aqui mas n\u00e3o posso importar lodash direto, qual o equivalente no ecossistema max?",
          "should_trigger": true,
          "trigger_rate": 0.0,
          "triggers": 0,
          "runs": 3,
          "pass": false
        },
        {
          "query": "qual o nome da prop pra n\u00e3o renderizar o bot\u00e3o de abrir do MaxModal? e tem como esconder o header dele tamb\u00e9m?",
          "should_trigger": true,
          "trigger_rate": 0.0,
          "triggers": 0,
          "runs": 3,
          "pass": false
        },
        {
          "query": "o MaxInputSelect dispara update:modelValue ou outro evento? preciso do payload exato pra ligar meu handler",
          "should_trigger": true,
          "trigger_rate": 0.3333333333333333,
          "triggers": 1,
          "runs": 3,
          "pass": false
        },
        {
          "query": "monta pra mim uma tela de login completa usando os componentes Max e ligando no endpoint de auth",
          "should_trigger": false,
          "trigger_rate": 0.0,
          "triggers": 0,
          "runs": 3,
          "pass": true
        },
        {
          "query": "como escrevo um teste unit\u00e1rio do meu componente MaxButton com vitest e testing-library?",
          "should_trigger": false,
          "trigger_rate": 0.0,
          "triggers": 0,
          "runs": 3,
          "pass": true
        },
        {
          "query": "qual a ordem certa dos blocos no SFC do maxdmin, \u00e9 template antes do script ou depois?",
          "should_trigger": false,
          "trigger_rate": 0.0,
          "triggers": 0,
          "runs": 3,
          "pass": true
        },
        {
          "query": "qual a diferen\u00e7a entre ref e reactive no vue 3 na pr\u00e1tica?",
          "should_trigger": false,
          "trigger_rate": 0.0,
          "triggers": 0,
          "runs": 3,
          "pass": true
        },
        {
          "query": "me explica como funciona o auto-import de componentes com unplugin-vue-components",
          "should_trigger": false,
          "trigger_rate": 0.0,
          "triggers": 0,
          "runs": 3,
          "pass": true
        },
        {
          "query": "preciso paginar a listagem de clientes, como estruturo o backend e a query no postgres?",
          "should_trigger": false,
          "trigger_rate": 0.0,
          "triggers": 0,
          "runs": 3,
          "pass": true
        }
      ]
    },
    {
      "iteration": 2,
      "description": "Use ao responder QUALQUER pergunta sobre a API das libs locais do stack Max (Maxdmin): MaxComponentsUi, MaxUse e MaxPinia \u2014 mesmo que o usu\u00e1rio n\u00e3o escreva \"Max\". Acione quando algu\u00e9m quiser saber: o nome/tipo/default de uma prop, qual evento um componente emite e seu payload, quais slots/v-model/expose existem, ou qual componente Max substitui um elemento nativo (input, select, file, textarea, button, modal, tabela, popover, grid); a assinatura exata de um composable, helper ou rota (ordem dos argumentos, o que retorna) \u2014 ex.: useRefCached, useTimeAgo, apiGetRoute; o equivalente Max de algo do VueUse ou do lodash (debounce, cloneDeep) que N\u00c3O se deve importar direto; ou como declarar/configurar um store cacheado MaxPinia (options.get/save/key, reload, saveInServer). \u00c9 a resposta antes de inventar uma prop, adivinhar um argumento ou importar @vueuse/core/lodash. Somente refer\u00eancia de API \u2014 para conven\u00e7\u00f5es e montar telas, use vue-max-stack-frontend-best-practices.",
      "train_passed": 7,
      "train_failed": 5,
      "train_total": 12,
      "train_results": [
        {
          "query": "preciso de um debounce numa fun\u00e7\u00e3o aqui mas n\u00e3o posso importar lodash direto, qual o equivalente no ecossistema max?",
          "should_trigger": true,
          "trigger_rate": 0.0,
          "triggers": 0,
          "runs": 3,
          "pass": false
        },
        {
          "query": "como configuro um store MaxPinia pra fazer GET autom\u00e1tico numa rota e salvar sozinho? o que vai dentro de options exatamente?",
          "should_trigger": true,
          "trigger_rate": 0.0,
          "triggers": 0,
          "runs": 3,
          "pass": false
        },
        {
          "query": "qual componente max eu uso no lugar de <input type=file> e quais props ele tem pra upload de v\u00e1rios arquivos?",
          "should_trigger": true,
          "trigger_rate": 0.0,
          "triggers": 0,
          "runs": 3,
          "pass": false
        },
        {
          "query": "o useRefCached do maxuse recebe (key, initial) ou (initial, key)? ele retorna um Ref reativo?",
          "should_trigger": true,
          "trigger_rate": 0.6666666666666666,
          "triggers": 2,
          "runs": 3,
          "pass": true
        },
        {
          "query": "qual o nome da prop pra n\u00e3o renderizar o bot\u00e3o de abrir do MaxModal? e tem como esconder o header dele tamb\u00e9m?",
          "should_trigger": true,
          "trigger_rate": 0.0,
          "triggers": 0,
          "runs": 3,
          "pass": false
        },
        {
          "query": "o MaxInputSelect dispara update:modelValue ou outro evento? preciso do payload exato pra ligar meu handler",
          "should_trigger": true,
          "trigger_rate": 0.3333333333333333,
          "triggers": 1,
          "runs": 3,
          "pass": false
        },
        {
          "query": "monta pra mim uma tela de login completa usando os componentes Max e ligando no endpoint de auth",
          "should_trigger": false,
          "trigger_rate": 0.0,
          "triggers": 0,
          "runs": 3,
          "pass": true
        },
        {
          "query": "como escrevo um teste unit\u00e1rio do meu componente MaxButton com vitest e testing-library?",
          "should_trigger": false,
          "trigger_rate": 0.0,
          "triggers": 0,
          "runs": 3,
          "pass": true
        },
        {
          "query": "qual a ordem certa dos blocos no SFC do maxdmin, \u00e9 template antes do script ou depois?",
          "should_trigger": false,
          "trigger_rate": 0.0,
          "triggers": 0,
          "runs": 3,
          "pass": true
        },
        {
          "query": "qual a diferen\u00e7a entre ref e reactive no vue 3 na pr\u00e1tica?",
          "should_trigger": false,
          "trigger_rate": 0.0,
          "triggers": 0,
          "runs": 3,
          "pass": true
        },
        {
          "query": "me explica como funciona o auto-import de componentes com unplugin-vue-components",
          "should_trigger": false,
          "trigger_rate": 0.0,
          "triggers": 0,
          "runs": 3,
          "pass": true
        },
        {
          "query": "preciso paginar a listagem de clientes, como estruturo o backend e a query no postgres?",
          "should_trigger": false,
          "trigger_rate": 0.0,
          "triggers": 0,
          "runs": 3,
          "pass": true
        }
      ],
      "test_passed": 4,
      "test_failed": 4,
      "test_total": 8,
      "test_results": [
        {
          "query": "tem algum composable no @maxvue/max-use pra mostrar 'h\u00e1 2 horas' estilo timeAgo? qual a assinatura",
          "should_trigger": true,
          "trigger_rate": 0.0,
          "triggers": 0,
          "runs": 3,
          "pass": false
        },
        {
          "query": "to montando uma tabela com MaxTable, quais props ele aceita e como passo a defini\u00e7\u00e3o das colunas?",
          "should_trigger": true,
          "trigger_rate": 0.3333333333333333,
          "triggers": 1,
          "runs": 3,
          "pass": false
        },
        {
          "query": "quais slots o MaxAuthCard exp\u00f5e? quero trocar o footer por um link de cadastro meu",
          "should_trigger": true,
          "trigger_rate": 0.0,
          "triggers": 0,
          "runs": 3,
          "pass": false
        },
        {
          "query": "o MaxInputCpfCnpj tem v-model? e como mostro mensagem de erro de valida\u00e7\u00e3o nele via prop?",
          "should_trigger": true,
          "trigger_rate": 0.0,
          "triggers": 0,
          "runs": 3,
          "pass": false
        },
        {
          "query": "quero repensar a paleta de cores e a tipografia do design system, t\u00e1 muito gen\u00e9rico",
          "should_trigger": false,
          "trigger_rate": 0.0,
          "triggers": 0,
          "runs": 3,
          "pass": true
        },
        {
          "query": "escreve um controller no adonis v6 que o store MaxPinia vai consumir no GET /user/data",
          "should_trigger": false,
          "trigger_rate": 0.0,
          "triggers": 0,
          "runs": 3,
          "pass": true
        },
        {
          "query": "meu MaxTable n\u00e3o renderiza nada, o array de items chega vazio, me ajuda a debugar o fluxo",
          "should_trigger": false,
          "trigger_rate": 0.0,
          "triggers": 0,
          "runs": 3,
          "pass": true
        },
        {
          "query": "meu eslint t\u00e1 reclamando de comma-dangle e indent de 4 espa\u00e7os no projeto vue, como ajusto a config?",
          "should_trigger": false,
          "trigger_rate": 0.0,
          "triggers": 0,
          "runs": 3,
          "pass": true
        }
      ],
      "passed": 7,
      "failed": 5,
      "total": 12,
      "results": [
        {
          "query": "preciso de um debounce numa fun\u00e7\u00e3o aqui mas n\u00e3o posso importar lodash direto, qual o equivalente no ecossistema max?",
          "should_trigger": true,
          "trigger_rate": 0.0,
          "triggers": 0,
          "runs": 3,
          "pass": false
        },
        {
          "query": "como configuro um store MaxPinia pra fazer GET autom\u00e1tico numa rota e salvar sozinho? o que vai dentro de options exatamente?",
          "should_trigger": true,
          "trigger_rate": 0.0,
          "triggers": 0,
          "runs": 3,
          "pass": false
        },
        {
          "query": "qual componente max eu uso no lugar de <input type=file> e quais props ele tem pra upload de v\u00e1rios arquivos?",
          "should_trigger": true,
          "trigger_rate": 0.0,
          "triggers": 0,
          "runs": 3,
          "pass": false
        },
        {
          "query": "o useRefCached do maxuse recebe (key, initial) ou (initial, key)? ele retorna um Ref reativo?",
          "should_trigger": true,
          "trigger_rate": 0.6666666666666666,
          "triggers": 2,
          "runs": 3,
          "pass": true
        },
        {
          "query": "qual o nome da prop pra n\u00e3o renderizar o bot\u00e3o de abrir do MaxModal? e tem como esconder o header dele tamb\u00e9m?",
          "should_trigger": true,
          "trigger_rate": 0.0,
          "triggers": 0,
          "runs": 3,
          "pass": false
        },
        {
          "query": "o MaxInputSelect dispara update:modelValue ou outro evento? preciso do payload exato pra ligar meu handler",
          "should_trigger": true,
          "trigger_rate": 0.3333333333333333,
          "triggers": 1,
          "runs": 3,
          "pass": false
        },
        {
          "query": "monta pra mim uma tela de login completa usando os componentes Max e ligando no endpoint de auth",
          "should_trigger": false,
          "trigger_rate": 0.0,
          "triggers": 0,
          "runs": 3,
          "pass": true
        },
        {
          "query": "como escrevo um teste unit\u00e1rio do meu componente MaxButton com vitest e testing-library?",
          "should_trigger": false,
          "trigger_rate": 0.0,
          "triggers": 0,
          "runs": 3,
          "pass": true
        },
        {
          "query": "qual a ordem certa dos blocos no SFC do maxdmin, \u00e9 template antes do script ou depois?",
          "should_trigger": false,
          "trigger_rate": 0.0,
          "triggers": 0,
          "runs": 3,
          "pass": true
        },
        {
          "query": "qual a diferen\u00e7a entre ref e reactive no vue 3 na pr\u00e1tica?",
          "should_trigger": false,
          "trigger_rate": 0.0,
          "triggers": 0,
          "runs": 3,
          "pass": true
        },
        {
          "query": "me explica como funciona o auto-import de componentes com unplugin-vue-components",
          "should_trigger": false,
          "trigger_rate": 0.0,
          "triggers": 0,
          "runs": 3,
          "pass": true
        },
        {
          "query": "preciso paginar a listagem de clientes, como estruturo o backend e a query no postgres?",
          "should_trigger": false,
          "trigger_rate": 0.0,
          "triggers": 0,
          "runs": 3,
          "pass": true
        }
      ]
    },
    {
      "iteration": 3,
      "description": "Use para responder qualquer d\u00favida de API das libs locais do stack Max/Maxdmin (MaxComponentsUi, MaxUse, MaxPinia), mesmo quando o usu\u00e1rio n\u00e3o escreve \"Max\" nem cita a lib. Acione sempre que a pessoa precisar de um detalhe concreto pra escrever c\u00f3digo: qual componente Max usar no lugar de um elemento nativo (input, file, select, textarea, button, modal, tabela, popover, grid) e quais props/eventos/slots/v-model ele tem \u2014 ex.: prop pra esconder header/bot\u00e3o de um modal, evento e payload de um input; a assinatura de um composable/helper/rota (o que recebe, o que retorna); o equivalente Max de algo do VueUse ou lodash (debounce, cloneDeep) que N\u00c3O se deve importar direto; ou como declarar um store cacheado MaxPinia pra fazer GET numa rota e salvar sozinho (options.get/save/key, reload, saveInServer). \u00c9 a consulta antes de inventar prop, chutar argumento ou importar @vueuse/core/lodash. S\u00f3 refer\u00eancia de API \u2014 para conven\u00e7\u00f5es e montar telas, use vue-max-stack-frontend-best-practices.",
      "train_passed": 6,
      "train_failed": 6,
      "train_total": 12,
      "train_results": [
        {
          "query": "preciso de um debounce numa fun\u00e7\u00e3o aqui mas n\u00e3o posso importar lodash direto, qual o equivalente no ecossistema max?",
          "should_trigger": true,
          "trigger_rate": 0.0,
          "triggers": 0,
          "runs": 3,
          "pass": false
        },
        {
          "query": "como configuro um store MaxPinia pra fazer GET autom\u00e1tico numa rota e salvar sozinho? o que vai dentro de options exatamente?",
          "should_trigger": true,
          "trigger_rate": 0.0,
          "triggers": 0,
          "runs": 3,
          "pass": false
        },
        {
          "query": "o useRefCached do maxuse recebe (key, initial) ou (initial, key)? ele retorna um Ref reativo?",
          "should_trigger": true,
          "trigger_rate": 0.0,
          "triggers": 0,
          "runs": 3,
          "pass": false
        },
        {
          "query": "qual componente max eu uso no lugar de <input type=file> e quais props ele tem pra upload de v\u00e1rios arquivos?",
          "should_trigger": true,
          "trigger_rate": 0.3333333333333333,
          "triggers": 1,
          "runs": 3,
          "pass": false
        },
        {
          "query": "qual o nome da prop pra n\u00e3o renderizar o bot\u00e3o de abrir do MaxModal? e tem como esconder o header dele tamb\u00e9m?",
          "should_trigger": true,
          "trigger_rate": 0.0,
          "triggers": 0,
          "runs": 3,
          "pass": false
        },
        {
          "query": "o MaxInputSelect dispara update:modelValue ou outro evento? preciso do payload exato pra ligar meu handler",
          "should_trigger": true,
          "trigger_rate": 0.0,
          "triggers": 0,
          "runs": 3,
          "pass": false
        },
        {
          "query": "monta pra mim uma tela de login completa usando os componentes Max e ligando no endpoint de auth",
          "should_trigger": false,
          "trigger_rate": 0.0,
          "triggers": 0,
          "runs": 3,
          "pass": true
        },
        {
          "query": "como escrevo um teste unit\u00e1rio do meu componente MaxButton com vitest e testing-library?",
          "should_trigger": false,
          "trigger_rate": 0.0,
          "triggers": 0,
          "runs": 3,
          "pass": true
        },
        {
          "query": "qual a ordem certa dos blocos no SFC do maxdmin, \u00e9 template antes do script ou depois?",
          "should_trigger": false,
          "trigger_rate": 0.0,
          "triggers": 0,
          "runs": 3,
          "pass": true
        },
        {
          "query": "me explica como funciona o auto-import de componentes com unplugin-vue-components",
          "should_trigger": false,
          "trigger_rate": 0.0,
          "triggers": 0,
          "runs": 3,
          "pass": true
        },
        {
          "query": "qual a diferen\u00e7a entre ref e reactive no vue 3 na pr\u00e1tica?",
          "should_trigger": false,
          "trigger_rate": 0.0,
          "triggers": 0,
          "runs": 3,
          "pass": true
        },
        {
          "query": "preciso paginar a listagem de clientes, como estruturo o backend e a query no postgres?",
          "should_trigger": false,
          "trigger_rate": 0.0,
          "triggers": 0,
          "runs": 3,
          "pass": true
        }
      ],
      "test_passed": 4,
      "test_failed": 4,
      "test_total": 8,
      "test_results": [
        {
          "query": "tem algum composable no @maxvue/max-use pra mostrar 'h\u00e1 2 horas' estilo timeAgo? qual a assinatura",
          "should_trigger": true,
          "trigger_rate": 0.0,
          "triggers": 0,
          "runs": 3,
          "pass": false
        },
        {
          "query": "to montando uma tabela com MaxTable, quais props ele aceita e como passo a defini\u00e7\u00e3o das colunas?",
          "should_trigger": true,
          "trigger_rate": 0.3333333333333333,
          "triggers": 1,
          "runs": 3,
          "pass": false
        },
        {
          "query": "quais slots o MaxAuthCard exp\u00f5e? quero trocar o footer por um link de cadastro meu",
          "should_trigger": true,
          "trigger_rate": 0.0,
          "triggers": 0,
          "runs": 3,
          "pass": false
        },
        {
          "query": "o MaxInputCpfCnpj tem v-model? e como mostro mensagem de erro de valida\u00e7\u00e3o nele via prop?",
          "should_trigger": true,
          "trigger_rate": 0.3333333333333333,
          "triggers": 1,
          "runs": 3,
          "pass": false
        },
        {
          "query": "quero repensar a paleta de cores e a tipografia do design system, t\u00e1 muito gen\u00e9rico",
          "should_trigger": false,
          "trigger_rate": 0.0,
          "triggers": 0,
          "runs": 3,
          "pass": true
        },
        {
          "query": "escreve um controller no adonis v6 que o store MaxPinia vai consumir no GET /user/data",
          "should_trigger": false,
          "trigger_rate": 0.0,
          "triggers": 0,
          "runs": 3,
          "pass": true
        },
        {
          "query": "meu MaxTable n\u00e3o renderiza nada, o array de items chega vazio, me ajuda a debugar o fluxo",
          "should_trigger": false,
          "trigger_rate": 0.0,
          "triggers": 0,
          "runs": 3,
          "pass": true
        },
        {
          "query": "meu eslint t\u00e1 reclamando de comma-dangle e indent de 4 espa\u00e7os no projeto vue, como ajusto a config?",
          "should_trigger": false,
          "trigger_rate": 0.0,
          "triggers": 0,
          "runs": 3,
          "pass": true
        }
      ],
      "passed": 6,
      "failed": 6,
      "total": 12,
      "results": [
        {
          "query": "preciso de um debounce numa fun\u00e7\u00e3o aqui mas n\u00e3o posso importar lodash direto, qual o equivalente no ecossistema max?",
          "should_trigger": true,
          "trigger_rate": 0.0,
          "triggers": 0,
          "runs": 3,
          "pass": false
        },
        {
          "query": "como configuro um store MaxPinia pra fazer GET autom\u00e1tico numa rota e salvar sozinho? o que vai dentro de options exatamente?",
          "should_trigger": true,
          "trigger_rate": 0.0,
          "triggers": 0,
          "runs": 3,
          "pass": false
        },
        {
          "query": "o useRefCached do maxuse recebe (key, initial) ou (initial, key)? ele retorna um Ref reativo?",
          "should_trigger": true,
          "trigger_rate": 0.0,
          "triggers": 0,
          "runs": 3,
          "pass": false
        },
        {
          "query": "qual componente max eu uso no lugar de <input type=file> e quais props ele tem pra upload de v\u00e1rios arquivos?",
          "should_trigger": true,
          "trigger_rate": 0.3333333333333333,
          "triggers": 1,
          "runs": 3,
          "pass": false
        },
        {
          "query": "qual o nome da prop pra n\u00e3o renderizar o bot\u00e3o de abrir do MaxModal? e tem como esconder o header dele tamb\u00e9m?",
          "should_trigger": true,
          "trigger_rate": 0.0,
          "triggers": 0,
          "runs": 3,
          "pass": false
        },
        {
          "query": "o MaxInputSelect dispara update:modelValue ou outro evento? preciso do payload exato pra ligar meu handler",
          "should_trigger": true,
          "trigger_rate": 0.0,
          "triggers": 0,
          "runs": 3,
          "pass": false
        },
        {
          "query": "monta pra mim uma tela de login completa usando os componentes Max e ligando no endpoint de auth",
          "should_trigger": false,
          "trigger_rate": 0.0,
          "triggers": 0,
          "runs": 3,
          "pass": true
        },
        {
          "query": "como escrevo um teste unit\u00e1rio do meu componente MaxButton com vitest e testing-library?",
          "should_trigger": false,
          "trigger_rate": 0.0,
          "triggers": 0,
          "runs": 3,
          "pass": true
        },
        {
          "query": "qual a ordem certa dos blocos no SFC do maxdmin, \u00e9 template antes do script ou depois?",
          "should_trigger": false,
          "trigger_rate": 0.0,
          "triggers": 0,
          "runs": 3,
          "pass": true
        },
        {
          "query": "me explica como funciona o auto-import de componentes com unplugin-vue-components",
          "should_trigger": false,
          "trigger_rate": 0.0,
          "triggers": 0,
          "runs": 3,
          "pass": true
        },
        {
          "query": "qual a diferen\u00e7a entre ref e reactive no vue 3 na pr\u00e1tica?",
          "should_trigger": false,
          "trigger_rate": 0.0,
          "triggers": 0,
          "runs": 3,
          "pass": true
        },
        {
          "query": "preciso paginar a listagem de clientes, como estruturo o backend e a query no postgres?",
          "should_trigger": false,
          "trigger_rate": 0.0,
          "triggers": 0,
          "runs": 3,
          "pass": true
        }
      ]
    },
    {
      "iteration": 4,
      "description": "<br>Refer\u00eancia de API das libs locais do projeto Vue/Maxdmin \u2014 MaxComponentsUi, MaxUse e MaxPinia. Acione SEMPRE que for escrever c\u00f3digo Vue neste projeto e precisar de um detalhe concreto, mesmo que o usu\u00e1rio n\u00e3o escreva \"Max\" nem cite a lib:\n\n- Qual componente usar no lugar de um elemento nativo (input, file, select, textarea, button, checkbox, modal, tabela, popover, grid) e suas props, eventos/payload, slots, v-model ou expose \u2014 ex.: prop pra esconder header/bot\u00e3o de um modal; qual evento um select emite.\n- A assinatura exata de um composable, helper ou rota \u2014 ordem dos argumentos e o que retorna (useRefCached, useTimeAgo, apiGetRoute).\n- O equivalente da lib pra um utilit\u00e1rio do VueUse ou lodash (debounce, cloneDeep) que N\u00c3O se deve importar direto de @vueuse/core ou lodash.\n- Como configurar um store cacheado pra fazer GET numa rota e salvar sozinho (options.get/save/key, reload, saveInServer).\n\nConsulta antes de inventar prop, chutar argumento ou importar depend\u00eancia externa. S\u00f3 refer\u00eancia de API \u2014 para conven\u00e7\u00f5es e montar telas, use vue-max-stack-frontend-best-practices.",
      "train_passed": 6,
      "train_failed": 6,
      "train_total": 12,
      "train_results": [
        {
          "query": "qual componente max eu uso no lugar de <input type=file> e quais props ele tem pra upload de v\u00e1rios arquivos?",
          "should_trigger": true,
          "trigger_rate": 0.3333333333333333,
          "triggers": 1,
          "runs": 3,
          "pass": false
        },
        {
          "query": "preciso de um debounce numa fun\u00e7\u00e3o aqui mas n\u00e3o posso importar lodash direto, qual o equivalente no ecossistema max?",
          "should_trigger": true,
          "trigger_rate": 0.0,
          "triggers": 0,
          "runs": 3,
          "pass": false
        },
        {
          "query": "como configuro um store MaxPinia pra fazer GET autom\u00e1tico numa rota e salvar sozinho? o que vai dentro de options exatamente?",
          "should_trigger": true,
          "trigger_rate": 0.0,
          "triggers": 0,
          "runs": 3,
          "pass": false
        },
        {
          "query": "o useRefCached do maxuse recebe (key, initial) ou (initial, key)? ele retorna um Ref reativo?",
          "should_trigger": true,
          "trigger_rate": 0.0,
          "triggers": 0,
          "runs": 3,
          "pass": false
        },
        {
          "query": "qual o nome da prop pra n\u00e3o renderizar o bot\u00e3o de abrir do MaxModal? e tem como esconder o header dele tamb\u00e9m?",
          "should_trigger": true,
          "trigger_rate": 0.3333333333333333,
          "triggers": 1,
          "runs": 3,
          "pass": false
        },
        {
          "query": "o MaxInputSelect dispara update:modelValue ou outro evento? preciso do payload exato pra ligar meu handler",
          "should_trigger": true,
          "trigger_rate": 0.0,
          "triggers": 0,
          "runs": 3,
          "pass": false
        },
        {
          "query": "monta pra mim uma tela de login completa usando os componentes Max e ligando no endpoint de auth",
          "should_trigger": false,
          "trigger_rate": 0.0,
          "triggers": 0,
          "runs": 3,
          "pass": true
        },
        {
          "query": "como escrevo um teste unit\u00e1rio do meu componente MaxButton com vitest e testing-library?",
          "should_trigger": false,
          "trigger_rate": 0.0,
          "triggers": 0,
          "runs": 3,
          "pass": true
        },
        {
          "query": "qual a ordem certa dos blocos no SFC do maxdmin, \u00e9 template antes do script ou depois?",
          "should_trigger": false,
          "trigger_rate": 0.0,
          "triggers": 0,
          "runs": 3,
          "pass": true
        },
        {
          "query": "qual a diferen\u00e7a entre ref e reactive no vue 3 na pr\u00e1tica?",
          "should_trigger": false,
          "trigger_rate": 0.0,
          "triggers": 0,
          "runs": 3,
          "pass": true
        },
        {
          "query": "me explica como funciona o auto-import de componentes com unplugin-vue-components",
          "should_trigger": false,
          "trigger_rate": 0.0,
          "triggers": 0,
          "runs": 3,
          "pass": true
        },
        {
          "query": "preciso paginar a listagem de clientes, como estruturo o backend e a query no postgres?",
          "should_trigger": false,
          "trigger_rate": 0.0,
          "triggers": 0,
          "runs": 3,
          "pass": true
        }
      ],
      "test_passed": 5,
      "test_failed": 3,
      "test_total": 8,
      "test_results": [
        {
          "query": "tem algum composable no @maxvue/max-use pra mostrar 'h\u00e1 2 horas' estilo timeAgo? qual a assinatura",
          "should_trigger": true,
          "trigger_rate": 0.6666666666666666,
          "triggers": 2,
          "runs": 3,
          "pass": true
        },
        {
          "query": "to montando uma tabela com MaxTable, quais props ele aceita e como passo a defini\u00e7\u00e3o das colunas?",
          "should_trigger": true,
          "trigger_rate": 0.3333333333333333,
          "triggers": 1,
          "runs": 3,
          "pass": false
        },
        {
          "query": "quais slots o MaxAuthCard exp\u00f5e? quero trocar o footer por um link de cadastro meu",
          "should_trigger": true,
          "trigger_rate": 0.0,
          "triggers": 0,
          "runs": 3,
          "pass": false
        },
        {
          "query": "o MaxInputCpfCnpj tem v-model? e como mostro mensagem de erro de valida\u00e7\u00e3o nele via prop?",
          "should_trigger": true,
          "trigger_rate": 0.3333333333333333,
          "triggers": 1,
          "runs": 3,
          "pass": false
        },
        {
          "query": "quero repensar a paleta de cores e a tipografia do design system, t\u00e1 muito gen\u00e9rico",
          "should_trigger": false,
          "trigger_rate": 0.0,
          "triggers": 0,
          "runs": 3,
          "pass": true
        },
        {
          "query": "escreve um controller no adonis v6 que o store MaxPinia vai consumir no GET /user/data",
          "should_trigger": false,
          "trigger_rate": 0.0,
          "triggers": 0,
          "runs": 3,
          "pass": true
        },
        {
          "query": "meu eslint t\u00e1 reclamando de comma-dangle e indent de 4 espa\u00e7os no projeto vue, como ajusto a config?",
          "should_trigger": false,
          "trigger_rate": 0.0,
          "triggers": 0,
          "runs": 3,
          "pass": true
        },
        {
          "query": "meu MaxTable n\u00e3o renderiza nada, o array de items chega vazio, me ajuda a debugar o fluxo",
          "should_trigger": false,
          "trigger_rate": 0.0,
          "triggers": 0,
          "runs": 3,
          "pass": true
        }
      ],
      "passed": 6,
      "failed": 6,
      "total": 12,
      "results": [
        {
          "query": "qual componente max eu uso no lugar de <input type=file> e quais props ele tem pra upload de v\u00e1rios arquivos?",
          "should_trigger": true,
          "trigger_rate": 0.3333333333333333,
          "triggers": 1,
          "runs": 3,
          "pass": false
        },
        {
          "query": "preciso de um debounce numa fun\u00e7\u00e3o aqui mas n\u00e3o posso importar lodash direto, qual o equivalente no ecossistema max?",
          "should_trigger": true,
          "trigger_rate": 0.0,
          "triggers": 0,
          "runs": 3,
          "pass": false
        },
        {
          "query": "como configuro um store MaxPinia pra fazer GET autom\u00e1tico numa rota e salvar sozinho? o que vai dentro de options exatamente?",
          "should_trigger": true,
          "trigger_rate": 0.0,
          "triggers": 0,
          "runs": 3,
          "pass": false
        },
        {
          "query": "o useRefCached do maxuse recebe (key, initial) ou (initial, key)? ele retorna um Ref reativo?",
          "should_trigger": true,
          "trigger_rate": 0.0,
          "triggers": 0,
          "runs": 3,
          "pass": false
        },
        {
          "query": "qual o nome da prop pra n\u00e3o renderizar o bot\u00e3o de abrir do MaxModal? e tem como esconder o header dele tamb\u00e9m?",
          "should_trigger": true,
          "trigger_rate": 0.3333333333333333,
          "triggers": 1,
          "runs": 3,
          "pass": false
        },
        {
          "query": "o MaxInputSelect dispara update:modelValue ou outro evento? preciso do payload exato pra ligar meu handler",
          "should_trigger": true,
          "trigger_rate": 0.0,
          "triggers": 0,
          "runs": 3,
          "pass": false
        },
        {
          "query": "monta pra mim uma tela de login completa usando os componentes Max e ligando no endpoint de auth",
          "should_trigger": false,
          "trigger_rate": 0.0,
          "triggers": 0,
          "runs": 3,
          "pass": true
        },
        {
          "query": "como escrevo um teste unit\u00e1rio do meu componente MaxButton com vitest e testing-library?",
          "should_trigger": false,
          "trigger_rate": 0.0,
          "triggers": 0,
          "runs": 3,
          "pass": true
        },
        {
          "query": "qual a ordem certa dos blocos no SFC do maxdmin, \u00e9 template antes do script ou depois?",
          "should_trigger": false,
          "trigger_rate": 0.0,
          "triggers": 0,
          "runs": 3,
          "pass": true
        },
        {
          "query": "qual a diferen\u00e7a entre ref e reactive no vue 3 na pr\u00e1tica?",
          "should_trigger": false,
          "trigger_rate": 0.0,
          "triggers": 0,
          "runs": 3,
          "pass": true
        },
        {
          "query": "me explica como funciona o auto-import de componentes com unplugin-vue-components",
          "should_trigger": false,
          "trigger_rate": 0.0,
          "triggers": 0,
          "runs": 3,
          "pass": true
        },
        {
          "query": "preciso paginar a listagem de clientes, como estruturo o backend e a query no postgres?",
          "should_trigger": false,
          "trigger_rate": 0.0,
          "triggers": 0,
          "runs": 3,
          "pass": true
        }
      ]
    },
    {
      "iteration": 5,
      "description": "Voc\u00ea est\u00e1 escrevendo c\u00f3digo Vue/frontend neste projeto (stack Maxdmin) e travou numa d\u00favida concreta de API \u2014 qual componente, prop, evento, argumento ou import usar? Use esta skill para consultar a refer\u00eancia das libs locais MaxComponentsUi, MaxUse e MaxPinia antes de adivinhar. Acione mesmo que o usu\u00e1rio n\u00e3o escreva \"Max\":\n\n- Qual componente substitui um elemento nativo (input, file, select, textarea, button, checkbox, modal, tabela, popover, grid) e seus props/eventos/payload/slots/v-model.\n- Nome, tipo ou default de uma prop; nome do evento emitido; se existe slot ou expose.\n- Assinatura de composable, helper ou rota \u2014 ordem dos argumentos e retorno (useRefCached, useTimeAgo, apiGetRoute).\n- Equivalente da lib para um utilit\u00e1rio de VueUse ou lodash (debounce, cloneDeep) que n\u00e3o se importa direto.\n- Como declarar um store cacheado que faz GET numa rota e salva sozinho (options.get/save/key, reload, saveInServer).\n\nS\u00f3 refer\u00eancia de API. Para conven\u00e7\u00f5es e montar telas inteiras, use vue-max-stack-frontend-best-practices.",
      "train_passed": 6,
      "train_failed": 6,
      "train_total": 12,
      "train_results": [
        {
          "query": "preciso de um debounce numa fun\u00e7\u00e3o aqui mas n\u00e3o posso importar lodash direto, qual o equivalente no ecossistema max?",
          "should_trigger": true,
          "trigger_rate": 0.0,
          "triggers": 0,
          "runs": 3,
          "pass": false
        },
        {
          "query": "qual componente max eu uso no lugar de <input type=file> e quais props ele tem pra upload de v\u00e1rios arquivos?",
          "should_trigger": true,
          "trigger_rate": 0.0,
          "triggers": 0,
          "runs": 3,
          "pass": false
        },
        {
          "query": "como configuro um store MaxPinia pra fazer GET autom\u00e1tico numa rota e salvar sozinho? o que vai dentro de options exatamente?",
          "should_trigger": true,
          "trigger_rate": 0.3333333333333333,
          "triggers": 1,
          "runs": 3,
          "pass": false
        },
        {
          "query": "o useRefCached do maxuse recebe (key, initial) ou (initial, key)? ele retorna um Ref reativo?",
          "should_trigger": true,
          "trigger_rate": 0.0,
          "triggers": 0,
          "runs": 3,
          "pass": false
        },
        {
          "query": "qual o nome da prop pra n\u00e3o renderizar o bot\u00e3o de abrir do MaxModal? e tem como esconder o header dele tamb\u00e9m?",
          "should_trigger": true,
          "trigger_rate": 0.0,
          "triggers": 0,
          "runs": 3,
          "pass": false
        },
        {
          "query": "o MaxInputSelect dispara update:modelValue ou outro evento? preciso do payload exato pra ligar meu handler",
          "should_trigger": true,
          "trigger_rate": 0.0,
          "triggers": 0,
          "runs": 3,
          "pass": false
        },
        {
          "query": "monta pra mim uma tela de login completa usando os componentes Max e ligando no endpoint de auth",
          "should_trigger": false,
          "trigger_rate": 0.0,
          "triggers": 0,
          "runs": 3,
          "pass": true
        },
        {
          "query": "como escrevo um teste unit\u00e1rio do meu componente MaxButton com vitest e testing-library?",
          "should_trigger": false,
          "trigger_rate": 0.0,
          "triggers": 0,
          "runs": 3,
          "pass": true
        },
        {
          "query": "qual a ordem certa dos blocos no SFC do maxdmin, \u00e9 template antes do script ou depois?",
          "should_trigger": false,
          "trigger_rate": 0.0,
          "triggers": 0,
          "runs": 3,
          "pass": true
        },
        {
          "query": "me explica como funciona o auto-import de componentes com unplugin-vue-components",
          "should_trigger": false,
          "trigger_rate": 0.0,
          "triggers": 0,
          "runs": 3,
          "pass": true
        },
        {
          "query": "qual a diferen\u00e7a entre ref e reactive no vue 3 na pr\u00e1tica?",
          "should_trigger": false,
          "trigger_rate": 0.0,
          "triggers": 0,
          "runs": 3,
          "pass": true
        },
        {
          "query": "preciso paginar a listagem de clientes, como estruturo o backend e a query no postgres?",
          "should_trigger": false,
          "trigger_rate": 0.0,
          "triggers": 0,
          "runs": 3,
          "pass": true
        }
      ],
      "test_passed": 4,
      "test_failed": 4,
      "test_total": 8,
      "test_results": [
        {
          "query": "tem algum composable no @maxvue/max-use pra mostrar 'h\u00e1 2 horas' estilo timeAgo? qual a assinatura",
          "should_trigger": true,
          "trigger_rate": 0.0,
          "triggers": 0,
          "runs": 3,
          "pass": false
        },
        {
          "query": "to montando uma tabela com MaxTable, quais props ele aceita e como passo a defini\u00e7\u00e3o das colunas?",
          "should_trigger": true,
          "trigger_rate": 0.0,
          "triggers": 0,
          "runs": 3,
          "pass": false
        },
        {
          "query": "quais slots o MaxAuthCard exp\u00f5e? quero trocar o footer por um link de cadastro meu",
          "should_trigger": true,
          "trigger_rate": 0.0,
          "triggers": 0,
          "runs": 3,
          "pass": false
        },
        {
          "query": "o MaxInputCpfCnpj tem v-model? e como mostro mensagem de erro de valida\u00e7\u00e3o nele via prop?",
          "should_trigger": true,
          "trigger_rate": 0.0,
          "triggers": 0,
          "runs": 3,
          "pass": false
        },
        {
          "query": "quero repensar a paleta de cores e a tipografia do design system, t\u00e1 muito gen\u00e9rico",
          "should_trigger": false,
          "trigger_rate": 0.0,
          "triggers": 0,
          "runs": 3,
          "pass": true
        },
        {
          "query": "escreve um controller no adonis v6 que o store MaxPinia vai consumir no GET /user/data",
          "should_trigger": false,
          "trigger_rate": 0.0,
          "triggers": 0,
          "runs": 3,
          "pass": true
        },
        {
          "query": "meu eslint t\u00e1 reclamando de comma-dangle e indent de 4 espa\u00e7os no projeto vue, como ajusto a config?",
          "should_trigger": false,
          "trigger_rate": 0.0,
          "triggers": 0,
          "runs": 3,
          "pass": true
        },
        {
          "query": "meu MaxTable n\u00e3o renderiza nada, o array de items chega vazio, me ajuda a debugar o fluxo",
          "should_trigger": false,
          "trigger_rate": 0.0,
          "triggers": 0,
          "runs": 3,
          "pass": true
        }
      ],
      "passed": 6,
      "failed": 6,
      "total": 12,
      "results": [
        {
          "query": "preciso de um debounce numa fun\u00e7\u00e3o aqui mas n\u00e3o posso importar lodash direto, qual o equivalente no ecossistema max?",
          "should_trigger": true,
          "trigger_rate": 0.0,
          "triggers": 0,
          "runs": 3,
          "pass": false
        },
        {
          "query": "qual componente max eu uso no lugar de <input type=file> e quais props ele tem pra upload de v\u00e1rios arquivos?",
          "should_trigger": true,
          "trigger_rate": 0.0,
          "triggers": 0,
          "runs": 3,
          "pass": false
        },
        {
          "query": "como configuro um store MaxPinia pra fazer GET autom\u00e1tico numa rota e salvar sozinho? o que vai dentro de options exatamente?",
          "should_trigger": true,
          "trigger_rate": 0.3333333333333333,
          "triggers": 1,
          "runs": 3,
          "pass": false
        },
        {
          "query": "o useRefCached do maxuse recebe (key, initial) ou (initial, key)? ele retorna um Ref reativo?",
          "should_trigger": true,
          "trigger_rate": 0.0,
          "triggers": 0,
          "runs": 3,
          "pass": false
        },
        {
          "query": "qual o nome da prop pra n\u00e3o renderizar o bot\u00e3o de abrir do MaxModal? e tem como esconder o header dele tamb\u00e9m?",
          "should_trigger": true,
          "trigger_rate": 0.0,
          "triggers": 0,
          "runs": 3,
          "pass": false
        },
        {
          "query": "o MaxInputSelect dispara update:modelValue ou outro evento? preciso do payload exato pra ligar meu handler",
          "should_trigger": true,
          "trigger_rate": 0.0,
          "triggers": 0,
          "runs": 3,
          "pass": false
        },
        {
          "query": "monta pra mim uma tela de login completa usando os componentes Max e ligando no endpoint de auth",
          "should_trigger": false,
          "trigger_rate": 0.0,
          "triggers": 0,
          "runs": 3,
          "pass": true
        },
        {
          "query": "como escrevo um teste unit\u00e1rio do meu componente MaxButton com vitest e testing-library?",
          "should_trigger": false,
          "trigger_rate": 0.0,
          "triggers": 0,
          "runs": 3,
          "pass": true
        },
        {
          "query": "qual a ordem certa dos blocos no SFC do maxdmin, \u00e9 template antes do script ou depois?",
          "should_trigger": false,
          "trigger_rate": 0.0,
          "triggers": 0,
          "runs": 3,
          "pass": true
        },
        {
          "query": "me explica como funciona o auto-import de componentes com unplugin-vue-components",
          "should_trigger": false,
          "trigger_rate": 0.0,
          "triggers": 0,
          "runs": 3,
          "pass": true
        },
        {
          "query": "qual a diferen\u00e7a entre ref e reactive no vue 3 na pr\u00e1tica?",
          "should_trigger": false,
          "trigger_rate": 0.0,
          "triggers": 0,
          "runs": 3,
          "pass": true
        },
        {
          "query": "preciso paginar a listagem de clientes, como estruturo o backend e a query no postgres?",
          "should_trigger": false,
          "trigger_rate": 0.0,
          "triggers": 0,
          "runs": 3,
          "pass": true
        }
      ]
    }
  ]
}
